Archive member included to satisfy reference by file (symbol)

/usr/local/gcc-arm-none-eabi-5_4-2016q3/bin/../lib/gcc/arm-none-eabi/5.4.1/../../../../arm-none-eabi/lib/armv7e-m/libm.a(lib_a-s_sin.o)
                              build/obj/main.o (sin)
/usr/local/gcc-arm-none-eabi-5_4-2016q3/bin/../lib/gcc/arm-none-eabi/5.4.1/../../../../arm-none-eabi/lib/armv7e-m/libm.a(lib_a-e_rem_pio2.o)
                              /usr/local/gcc-arm-none-eabi-5_4-2016q3/bin/../lib/gcc/arm-none-eabi/5.4.1/../../../../arm-none-eabi/lib/armv7e-m/libm.a(lib_a-s_sin.o) (__ieee754_rem_pio2)
/usr/local/gcc-arm-none-eabi-5_4-2016q3/bin/../lib/gcc/arm-none-eabi/5.4.1/../../../../arm-none-eabi/lib/armv7e-m/libm.a(lib_a-k_cos.o)
                              /usr/local/gcc-arm-none-eabi-5_4-2016q3/bin/../lib/gcc/arm-none-eabi/5.4.1/../../../../arm-none-eabi/lib/armv7e-m/libm.a(lib_a-s_sin.o) (__kernel_cos)
/usr/local/gcc-arm-none-eabi-5_4-2016q3/bin/../lib/gcc/arm-none-eabi/5.4.1/../../../../arm-none-eabi/lib/armv7e-m/libm.a(lib_a-k_rem_pio2.o)
                              /usr/local/gcc-arm-none-eabi-5_4-2016q3/bin/../lib/gcc/arm-none-eabi/5.4.1/../../../../arm-none-eabi/lib/armv7e-m/libm.a(lib_a-e_rem_pio2.o) (__kernel_rem_pio2)
/usr/local/gcc-arm-none-eabi-5_4-2016q3/bin/../lib/gcc/arm-none-eabi/5.4.1/../../../../arm-none-eabi/lib/armv7e-m/libm.a(lib_a-k_sin.o)
                              /usr/local/gcc-arm-none-eabi-5_4-2016q3/bin/../lib/gcc/arm-none-eabi/5.4.1/../../../../arm-none-eabi/lib/armv7e-m/libm.a(lib_a-s_sin.o) (__kernel_sin)
/usr/local/gcc-arm-none-eabi-5_4-2016q3/bin/../lib/gcc/arm-none-eabi/5.4.1/../../../../arm-none-eabi/lib/armv7e-m/libm.a(lib_a-s_fabs.o)
                              /usr/local/gcc-arm-none-eabi-5_4-2016q3/bin/../lib/gcc/arm-none-eabi/5.4.1/../../../../arm-none-eabi/lib/armv7e-m/libm.a(lib_a-e_rem_pio2.o) (fabs)
/usr/local/gcc-arm-none-eabi-5_4-2016q3/bin/../lib/gcc/arm-none-eabi/5.4.1/../../../../arm-none-eabi/lib/armv7e-m/libm.a(lib_a-s_floor.o)
                              /usr/local/gcc-arm-none-eabi-5_4-2016q3/bin/../lib/gcc/arm-none-eabi/5.4.1/../../../../arm-none-eabi/lib/armv7e-m/libm.a(lib_a-k_rem_pio2.o) (floor)
/usr/local/gcc-arm-none-eabi-5_4-2016q3/bin/../lib/gcc/arm-none-eabi/5.4.1/../../../../arm-none-eabi/lib/armv7e-m/libm.a(lib_a-s_scalbn.o)
                              /usr/local/gcc-arm-none-eabi-5_4-2016q3/bin/../lib/gcc/arm-none-eabi/5.4.1/../../../../arm-none-eabi/lib/armv7e-m/libm.a(lib_a-k_rem_pio2.o) (scalbn)
/usr/local/gcc-arm-none-eabi-5_4-2016q3/bin/../lib/gcc/arm-none-eabi/5.4.1/../../../../arm-none-eabi/lib/armv7e-m/libm.a(lib_a-s_copysign.o)
                              /usr/local/gcc-arm-none-eabi-5_4-2016q3/bin/../lib/gcc/arm-none-eabi/5.4.1/../../../../arm-none-eabi/lib/armv7e-m/libm.a(lib_a-s_scalbn.o) (copysign)
/usr/local/gcc-arm-none-eabi-5_4-2016q3/bin/../lib/gcc/arm-none-eabi/5.4.1/armv7e-m/libgcc.a(_arm_addsubdf3.o)
                              /usr/local/gcc-arm-none-eabi-5_4-2016q3/bin/../lib/gcc/arm-none-eabi/5.4.1/../../../../arm-none-eabi/lib/armv7e-m/libm.a(lib_a-s_sin.o) (__aeabi_dsub)
/usr/local/gcc-arm-none-eabi-5_4-2016q3/bin/../lib/gcc/arm-none-eabi/5.4.1/armv7e-m/libgcc.a(_arm_muldivdf3.o)
                              build/obj/main.o (__aeabi_dmul)
/usr/local/gcc-arm-none-eabi-5_4-2016q3/bin/../lib/gcc/arm-none-eabi/5.4.1/armv7e-m/libgcc.a(_arm_cmpdf2.o)
                              /usr/local/gcc-arm-none-eabi-5_4-2016q3/bin/../lib/gcc/arm-none-eabi/5.4.1/../../../../arm-none-eabi/lib/armv7e-m/libm.a(lib_a-e_rem_pio2.o) (__aeabi_dcmpeq)
/usr/local/gcc-arm-none-eabi-5_4-2016q3/bin/../lib/gcc/arm-none-eabi/5.4.1/armv7e-m/libgcc.a(_arm_fixdfsi.o)
                              build/obj/main.o (__aeabi_d2iz)

Discarded input sections

 .text          0x00000000        0x0 build/obj/crt0.o
 .data          0x00000000        0x0 build/obj/crt0.o
 .bss           0x00000000        0x0 build/obj/crt0.o
 .text.__early_init
                0x00000000        0x4 build/obj/crt0.o
 .text          0x00000000        0x0 build/obj/vectors.o
 .data          0x00000000        0x0 build/obj/vectors.o
 .bss           0x00000000        0x0 build/obj/vectors.o
 .text          0x00000000        0x0 build/obj/chcore.o
 .data          0x00000000        0x0 build/obj/chcore.o
 .bss           0x00000000        0x0 build/obj/chcore.o
 .text.port_halt
                0x00000000        0x4 build/obj/chcore.o
 .debug_info    0x00000000       0x99 build/obj/chcore.o
 .debug_abbrev  0x00000000       0x42 build/obj/chcore.o
 .debug_aranges
                0x00000000       0x20 build/obj/chcore.o
 .debug_ranges  0x00000000       0x10 build/obj/chcore.o
 .debug_line    0x00000000       0x5e build/obj/chcore.o
 .debug_str     0x00000000      0x1d9 build/obj/chcore.o
 .comment       0x00000000       0x6f build/obj/chcore.o
 .debug_frame   0x00000000       0x20 build/obj/chcore.o
 .ARM.attributes
                0x00000000       0x33 build/obj/chcore.o
[...]
Memory Configuration

Name             Origin             Length             Attributes
flash            0x08000000         0x00100000
ram              0x20000000         0x0001c000
ethram           0x2001c000         0x00004000
ccmram           0x10000000         0x00010000
*default*        0x00000000         0xffffffff

Linker script and memory map

LOAD build/obj/crt0.o
LOAD build/obj/vectors.o
LOAD build/obj/chcore.o
LOAD build/obj/chcore_v7m.o
LOAD build/obj/nvic.o
LOAD build/obj/chsys.o
LOAD build/obj/chdebug.o
LOAD build/obj/chlists.o
LOAD build/obj/chvt.o
LOAD build/obj/chschd.o
LOAD build/obj/chthreads.o
LOAD build/obj/chdynamic.o
LOAD build/obj/chregistry.o
LOAD build/obj/chsem.o
LOAD build/obj/chmtx.o
LOAD build/obj/chcond.o
LOAD build/obj/chevents.o
LOAD build/obj/chmsg.o
LOAD build/obj/chmboxes.o
LOAD build/obj/chqueues.o
LOAD build/obj/chmemcore.o
LOAD build/obj/chheap.o
LOAD build/obj/chmempools.o
LOAD build/obj/test.o
LOAD build/obj/testthd.o
LOAD build/obj/testsem.o
LOAD build/obj/testmtx.o
LOAD build/obj/testmsg.o
LOAD build/obj/testmbox.o
LOAD build/obj/testevt.o
LOAD build/obj/testheap.o
LOAD build/obj/testpools.o
LOAD build/obj/testdyn.o
LOAD build/obj/testqueues.o
LOAD build/obj/testbmk.o
LOAD build/obj/hal.o
LOAD build/obj/adc.o
LOAD build/obj/can.o
LOAD build/obj/ext.o
LOAD build/obj/gpt.o
LOAD build/obj/i2c.o
LOAD build/obj/icu.o
LOAD build/obj/mac.o
LOAD build/obj/mmc_spi.o
LOAD build/obj/mmcsd.o
LOAD build/obj/pal.o
LOAD build/obj/pwm.o
LOAD build/obj/rtc.o
LOAD build/obj/sdc.o
LOAD build/obj/serial.o
LOAD build/obj/serial_usb.o
LOAD build/obj/spi.o
LOAD build/obj/tm.o
LOAD build/obj/uart.o
LOAD build/obj/usb.o
LOAD build/obj/stm32_dma.o
LOAD build/obj/hal_lld.o
LOAD build/obj/adc_lld.o
LOAD build/obj/ext_lld_isr.o
LOAD build/obj/can_lld.o
LOAD build/obj/ext_lld.o
LOAD build/obj/mac_lld.o
LOAD build/obj/sdc_lld.o
LOAD build/obj/pal_lld.o
LOAD build/obj/i2c_lld.o
LOAD build/obj/usb_lld.o
LOAD build/obj/rtc_lld.o
LOAD build/obj/spi_lld.o
LOAD build/obj/gpt_lld.o
LOAD build/obj/icu_lld.o
LOAD build/obj/pwm_lld.o
LOAD build/obj/serial_lld.o
LOAD build/obj/uart_lld.o
LOAD build/obj/board.o
LOAD build/obj/usbcfg.o
LOAD build/obj/main.o
LOAD build/obj/usb_hid.o
LOAD build/obj/adccfg.o
                0x00000400                __main_stack_size__ = 0x400
                0x00000400                __process_stack_size__ = 0x400
                0x20000000                __ram_start__ = ORIGIN (ram)
                0x0001c000                __ram_size__ = LENGTH (ram)
                0x2001c000                __ram_end__ = (__ram_start__ + __ram_size__)
                0x00000000                . = 0x0
                0x00000000                _text = .

startup         0x08000000      0x1ac
 *(vectors)
 vectors        0x08000000      0x1ac build/obj/vectors.o
                0x08000000                _vectors

constructors    0x080001ac        0x0
                0x080001ac                PROVIDE (__init_array_start, .)
 *(SORT(.init_array.*))
 *(.init_array)
                0x080001ac                PROVIDE (__init_array_end, .)

destructors     0x080001ac        0x0
                0x080001ac                PROVIDE (__fini_array_start, .)
 *(.fini_array)
 *(SORT(.fini_array.*))
                0x080001ac                PROVIDE (__fini_array_end, .)

.text           0x080001b0     0x4a00
 *(.text.startup.*)
 .text.startup.main
                0x080001b0      0x1c0 build/obj/main.o
                0x080001b0                main
 *(.text)
 .text          0x08000370      0x370 /usr/local/gcc-arm-none-eabi-5_4-2016q3/bin/../lib/gcc/arm-none-eabi/5.4.1/armv7e-m/libgcc.a(_arm_addsubdf3.o)
                0x08000370                __aeabi_drsub
                0x08000378                __aeabi_dsub
                0x08000378                __subdf3
                0x0800037c                __adddf3
                0x0800037c                __aeabi_dadd
                0x080005f4                __aeabi_ui2d
                0x080005f4                __floatunsidf
                0x08000614                __floatsidf
                0x08000614                __aeabi_i2d
                0x08000638                __extendsfdf2
                0x08000638                __aeabi_f2d
                0x08000674                __aeabi_ul2d
                0x08000674                __floatundidf
                0x08000684                __floatdidf
                0x08000684                __aeabi_l2d
 .text          0x080006e0      0x424 /usr/local/gcc-arm-none-eabi-5_4-2016q3/bin/../lib/gcc/arm-none-eabi/5.4.1/armv7e-m/libgcc.a(_arm_muldivdf3.o)
                0x080006e0                __aeabi_dmul
                0x080006e0                __muldf3
                0x08000934                __aeabi_ddiv
                0x08000934                __divdf3
 *fill*         0x08000b04        0xc 
 .text          0x08000b10      0x110 /usr/local/gcc-arm-none-eabi-5_4-2016q3/bin/../lib/gcc/arm-none-eabi/5.4.1/armv7e-m/libgcc.a(_arm_cmpdf2.o)
                0x08000b10                __gtdf2
                0x08000b10                __gedf2
                0x08000b18                __ltdf2
                0x08000b18                __ledf2
                0x08000b20                __cmpdf2
                0x08000b20                __eqdf2
                0x08000b20                __nedf2
                0x08000b9c                __aeabi_cdrcmple
                0x08000bac                __aeabi_cdcmple
                0x08000bac                __aeabi_cdcmpeq
                0x08000bbc                __aeabi_dcmpeq
                0x08000bd0                __aeabi_dcmplt
                0x08000be4                __aeabi_dcmple
                0x08000bf8                __aeabi_dcmpge
                0x08000c0c                __aeabi_dcmpgt
 .text          0x08000c20       0x50 /usr/local/gcc-arm-none-eabi-5_4-2016q3/bin/../lib/gcc/arm-none-eabi/5.4.1/armv7e-m/libgcc.a(_arm_fixdfsi.o)
                0x08000c20                __fixdfsi
                0x08000c20                __aeabi_d2iz
 *(.text.*)
 .text.__late_init
                0x08000c70        0x4 build/obj/crt0.o
                0x08000c70                __late_init
 *fill*         0x08000c74        0xc 
 .text._default_exit
                0x08000c80        0x4 build/obj/crt0.o
                0x08000c80                _default_exit
 *fill*         0x08000c84        0xc 
 .text.ResetHandler
                0x08000c90       0xfc build/obj/crt0.o
                0x08000c90                ResetHandler
 *fill*         0x08000d8c        0x4 
 .text._unhandled_exception
                0x08000d90        0x4 build/obj/vectors.o
                0x08000d90                Vector58
                0x08000d90                Vector9C
                0x08000d90                VectorE8
                0x08000d90                VectorAC
                0x08000d90                Vector1A0
                0x08000d90                Vector5C
                0x08000d90                NMIVector
                0x08000d90                Vector11C
                0x08000d90                Vector19C
                0x08000d90                Vector8C
                0x08000d90                VectorDC
                0x08000d90                Vector168
                0x08000d90                Vector110
                0x08000d90                VectorC8
                0x08000d90                Vector94
                0x08000d90                VectorA8
                0x08000d90                VectorB4
                0x08000d90                Vector160
                0x08000d90                VectorEC
                0x08000d90                UsageFaultVector
                0x08000d90                DebugMonitorVector
                0x08000d90                Vector40
                0x08000d90                VectorF8
                0x08000d90                Vector108
                0x08000d90                VectorBC
                0x08000d90                Vector190
                0x08000d90                Vector148
                0x08000d90                Vector188
                0x08000d90                PendSVVector
                0x08000d90                Vector198
                0x08000d90                Vector118
                0x08000d90                Vector64
                0x08000d90                VectorCC
                0x08000d90                Vector54
                0x08000d90                Vector98
                0x08000d90                VectorD8
                0x08000d90                Vector138
                0x08000d90                Vector24
                0x08000d90                Vector178
                0x08000d90                Vector1A4
                0x08000d90                BusFaultVector
                0x08000d90                VectorD0
                0x08000d90                Vector140
                0x08000d90                VectorE4
                0x08000d90                VectorC0
                0x08000d90                HardFaultVector
                0x08000d90                Vector134
                0x08000d90                VectorF0
                0x08000d90                Vector13C
                0x08000d90                Vector100
                0x08000d90                VectorE0
                0x08000d90                VectorF4
                0x08000d90                MemManageVector
                0x08000d90                VectorA0
                0x08000d90                VectorC4
                0x08000d90                Vector180
                0x08000d90                VectorB0
                0x08000d90                Vector90
                0x08000d90                Vector114
                0x08000d90                Vector60
                0x08000d90                Vector164
                0x08000d90                Vector1C
                0x08000d90                Vector17C
                0x08000d90                Vector48
                0x08000d90                Vector1A8
                0x08000d90                Vector16C
                0x08000d90                VectorD4
                0x08000d90                Vector4C
                0x08000d90                Vector144
                0x08000d90                Vector15C
                0x08000d90                Vector68
                0x08000d90                _unhandled_exception
                0x08000d90                Vector170
                0x08000d90                Vector104
                0x08000d90                Vector184
                0x08000d90                Vector10C
                0x08000d90                Vector50
                0x08000d90                Vector194
                0x08000d90                Vector44
                0x08000d90                Vector28
                0x08000d90                VectorB8
                0x08000d90                Vector34
                0x08000d90                VectorA4
                0x08000d90                Vector20
                0x08000d90                Vector18C
                0x08000d90                Vector174
 *fill*         0x08000d94        0xc 
 .text._port_switch_from_isr
                0x08000da0        0x8 build/obj/chcore_v7m.o
                0x08000da0                _port_switch_from_isr
 *fill*         0x08000da8        0x8 
 .text.SVCallVector
                0x08000db0       0x14 build/obj/chcore_v7m.o
                0x08000db0                SVCallVector
 *fill*         0x08000dc4        0xc 
 .text._port_init
                0x08000dd0       0x30 build/obj/chcore_v7m.o
                0x08000dd0                _port_init
 .text._port_irq_epilogue
                0x08000e00       0x74 build/obj/chcore_v7m.o
                0x08000e00                _port_irq_epilogue
 *fill*         0x08000e74        0xc 
 .text.SysTickVector
                0x08000e80       0x1c build/obj/chcore_v7m.o
                0x08000e80                SysTickVector
 *fill*         0x08000e9c        0x4 
 .text._port_switch
                0x08000ea0       0x10 build/obj/chcore_v7m.o
                0x08000ea0                _port_switch
 .text._port_thread_start
                0x08000eb0       0x10 build/obj/chcore_v7m.o
                0x08000eb0                _port_thread_start
 .text.nvicEnableVector
                0x08000ec0       0x48 build/obj/nvic.o
                0x08000ec0                nvicEnableVector
 *fill*         0x08000f08        0x8 
 .text.nvicSetSystemHandlerPriority
                0x08000f10       0x28 build/obj/nvic.o
                0x08000f10                nvicSetSystemHandlerPriority
 *fill*         0x08000f38        0x8 
 .text._idle_thread
                0x08000f40       0x14 build/obj/chsys.o
                0x08000f40                _idle_thread
 *fill*         0x08000f54        0xc 
 .text.chSysInit
                0x08000f60       0x5c build/obj/chsys.o
                0x08000f60                chSysInit
 *fill*         0x08000fbc        0x4 
 .text.chSysTimerHandlerI
                0x08000fc0       0x50 build/obj/chsys.o
                0x08000fc0                chSysTimerHandlerI
 .text._vt_init
                0x08001010       0x18 build/obj/chvt.o
                0x08001010                _vt_init
 *fill*         0x08001028        0x8 
 .text.chVTSetI
                0x08001030       0x38 build/obj/chvt.o
                0x08001030                chVTSetI
 *fill*         0x08001068        0x8 
 .text.chVTResetI
                0x08001070       0x24 build/obj/chvt.o
                0x08001070                chVTResetI
 *fill*         0x08001094        0xc 
 .text.wakeup   0x080010a0       0x6c build/obj/chschd.o
 *fill*         0x0800110c        0x4 
 .text._scheduler_init
                0x08001110       0x14 build/obj/chschd.o
                0x08001110                _scheduler_init
 *fill*         0x08001124        0xc 
 .text.chSchReadyI
                0x08001130       0x28 build/obj/chschd.o
                0x08001130                chSchReadyI
 *fill*         0x08001158        0x8 
 .text.chSchGoSleepS
                0x08001160       0x28 build/obj/chschd.o
                0x08001160                chSchGoSleepS
 *fill*         0x08001188        0x8 
 .text.chSchGoSleepTimeoutS
                0x08001190       0x44 build/obj/chschd.o
                0x08001190                chSchGoSleepTimeoutS
 *fill*         0x080011d4        0xc 
 .text.chSchWakeupS
                0x080011e0       0x58 build/obj/chschd.o
                0x080011e0                chSchWakeupS
 *fill*         0x08001238        0x8 
 .text.chSchDoRescheduleBehind
                0x08001240       0x40 build/obj/chschd.o
                0x08001240                chSchDoRescheduleBehind
 .text.chSchDoRescheduleAhead
                0x08001280       0x3c build/obj/chschd.o
                0x08001280                chSchDoRescheduleAhead
 *fill*         0x080012bc        0x4 
 .text.chSchRescheduleS
                0x080012c0       0x18 build/obj/chschd.o
                0x080012c0                chSchRescheduleS
 *fill*         0x080012d8        0x8 
 .text.chSchDoReschedule
                0x080012e0       0x14 build/obj/chschd.o
                0x080012e0                chSchDoReschedule
 *fill*         0x080012f4        0xc 
 .text._thread_init
                0x08001300       0x40 build/obj/chthreads.o
                0x08001300                _thread_init
 .text.chThdCreateI
                0x08001340       0x5c build/obj/chthreads.o
                0x08001340                chThdCreateI
 *fill*         0x0800139c        0x4 
 .text.chThdCreateStatic
                0x080013a0       0x70 build/obj/chthreads.o
                0x080013a0                chThdCreateStatic
 .text.chThdSleep
                0x08001410       0x18 build/obj/chthreads.o
                0x08001410                chThdSleep
 *fill*         0x08001428        0x8 
 .text.chThdExitS
                0x08001430       0x40 build/obj/chthreads.o
                0x08001430                chThdExitS
 .text.chThdExit
                0x08001470        0xc build/obj/chthreads.o
                0x08001470                chThdExit
 *fill*         0x0800147c        0x4 
 .text.chMtxInit
                0x08001480        0xc build/obj/chmtx.o
                0x08001480                chMtxInit
 *fill*         0x0800148c        0x4 
 .text._core_init
                0x08001490       0x28 build/obj/chmemcore.o
                0x08001490                _core_init
 *fill*         0x080014b8        0x8 
 .text.chCoreAlloc
                0x080014c0       0x38 build/obj/chmemcore.o
                0x080014c0                chCoreAlloc
 *fill*         0x080014f8        0x8 
 .text._heap_init
                0x08001500       0x1c build/obj/chheap.o
                0x08001500                _heap_init
 *fill*         0x0800151c        0x4 
 .text.halInit  0x08001520       0x20 build/obj/hal.o
                0x08001520                halInit
 .text.halPolledDelay
                0x08001540       0x28 build/obj/hal.o
                0x08001540                halPolledDelay
 *fill*         0x08001568        0x8 
 .text.adcInit  0x08001570        0x4 build/obj/adc.o
                0x08001570                adcInit
 *fill*         0x08001574        0xc 
 .text.adcObjectInit
                0x08001580       0x18 build/obj/adc.o
                0x08001580                adcObjectInit
 *fill*         0x08001598        0x8 
 .text.usbInit  0x080015a0        0x4 build/obj/usb.o
                0x080015a0                usbInit
 *fill*         0x080015a4        0xc 
 .text.usbObjectInit
                0x080015b0       0x1c build/obj/usb.o
                0x080015b0                usbObjectInit
 *fill*         0x080015cc        0x4 
 .text.usbStart
                0x080015d0       0x28 build/obj/usb.o
                0x080015d0                usbStart
 *fill*         0x080015f8        0x8 
 .text.usbInitEndpointI
                0x08001600       0x30 build/obj/usb.o
                0x08001600                usbInitEndpointI
 .text.usbPrepareTransmit
                0x08001630       0x1c build/obj/usb.o
                0x08001630                usbPrepareTransmit
 *fill*         0x0800164c        0x4 
 .text.usbStartTransmitI
                0x08001650       0x24 build/obj/usb.o
                0x08001650                usbStartTransmitI
 *fill*         0x08001674        0xc 
 .text._usb_reset
                0x08001680       0x28 build/obj/usb.o
                0x08001680                _usb_reset
 *fill*         0x080016a8        0x8 
 .text._usb_ep0setup
                0x080016b0      0x32c build/obj/usb.o
                0x080016b0                _usb_ep0setup
 *fill*         0x080019dc        0x4 
 .text._usb_ep0in
                0x080019e0       0xd8 build/obj/usb.o
                0x080019e0                _usb_ep0in
 *fill*         0x08001ab8        0x8 
 .text._usb_ep0out
                0x08001ac0       0x88 build/obj/usb.o
                0x08001ac0                _usb_ep0out
 *fill*         0x08001b48        0x8 
 .text.Vector6C
                0x08001b50       0x28 build/obj/stm32_dma.o
                0x08001b50                Vector6C
 *fill*         0x08001b78        0x8 
 .text.Vector70
                0x08001b80       0x2c build/obj/stm32_dma.o
                0x08001b80                Vector70
 *fill*         0x08001bac        0x4 
 .text.Vector74
                0x08001bb0       0x2c build/obj/stm32_dma.o
                0x08001bb0                Vector74
 *fill*         0x08001bdc        0x4 
 .text.Vector78
                0x08001be0       0x2c build/obj/stm32_dma.o
                0x08001be0                Vector78
 *fill*         0x08001c0c        0x4 
 .text.Vector7C
                0x08001c10       0x28 build/obj/stm32_dma.o
                0x08001c10                Vector7C
 *fill*         0x08001c38        0x8 
 .text.Vector80
                0x08001c40       0x2c build/obj/stm32_dma.o
                0x08001c40                Vector80
 *fill*         0x08001c6c        0x4 
 .text.Vector84
                0x08001c70       0x2c build/obj/stm32_dma.o
                0x08001c70                Vector84
 *fill*         0x08001c9c        0x4 
 .text.VectorFC
                0x08001ca0       0x2c build/obj/stm32_dma.o
                0x08001ca0                VectorFC
 *fill*         0x08001ccc        0x4 
 .text.Vector120
                0x08001cd0       0x28 build/obj/stm32_dma.o
                0x08001cd0                Vector120
 *fill*         0x08001cf8        0x8 
 .text.Vector124
                0x08001d00       0x2c build/obj/stm32_dma.o
                0x08001d00                Vector124
 *fill*         0x08001d2c        0x4 
 .text.Vector128
                0x08001d30       0x2c build/obj/stm32_dma.o
                0x08001d30                Vector128
 *fill*         0x08001d5c        0x4 
 .text.Vector12C
                0x08001d60       0x2c build/obj/stm32_dma.o
                0x08001d60                Vector12C
 *fill*         0x08001d8c        0x4 
 .text.Vector130
                0x08001d90       0x28 build/obj/stm32_dma.o
                0x08001d90                Vector130
 *fill*         0x08001db8        0x8 
 .text.Vector150
                0x08001dc0       0x2c build/obj/stm32_dma.o
                0x08001dc0                Vector150
 *fill*         0x08001dec        0x4 
 .text.Vector154
                0x08001df0       0x2c build/obj/stm32_dma.o
                0x08001df0                Vector154
 *fill*         0x08001e1c        0x4 
 .text.Vector158
                0x08001e20       0x2c build/obj/stm32_dma.o
                0x08001e20                Vector158
 *fill*         0x08001e4c        0x4 
 .text.dmaInit  0x08001e50       0x54 build/obj/stm32_dma.o
                0x08001e50                dmaInit
 *fill*         0x08001ea4        0xc 
 .text.hal_lld_init
                0x08001eb0       0x98 build/obj/hal_lld.o
                0x08001eb0                hal_lld_init
 *fill*         0x08001f48        0x8 
 .text.stm32_clock_init
                0x08001f50       0xc8 build/obj/hal_lld.o
                0x08001f50                stm32_clock_init
 *fill*         0x08002018        0x8 
 .text.Vector88
                0x08002020      0x19c build/obj/adc_lld.o
                0x08002020                Vector88
 *fill*         0x080021bc        0x4 
 .text.adc_lld_init
                0x080021c0       0x74 build/obj/adc_lld.o
                0x080021c0                adc_lld_init
 *fill*         0x08002234        0xc 
 .text._pal_lld_init
                0x08002240      0x1ac build/obj/pal_lld.o
                0x08002240                _pal_lld_init
 *fill*         0x080023ec        0x4 
 .text._pal_lld_setgroupmode
                0x080023f0       0xb8 build/obj/pal_lld.o
                0x080023f0                _pal_lld_setgroupmode
 *fill*         0x080024a8        0x8 
 .text.usb_lld_pump
                0x080024b0      0x360 build/obj/usb_lld.o
 .text.otg_disable_ep.isra.0
                0x08002810       0x74 build/obj/usb_lld.o
 *fill*         0x08002884        0xc 
 .text.usb_lld_init
                0x08002890       0x24 build/obj/usb_lld.o
                0x08002890                usb_lld_init
 *fill*         0x080028b4        0xc 
 .text.usb_lld_start
                0x080028c0       0xe0 build/obj/usb_lld.o
                0x080028c0                usb_lld_start
 .text.usb_lld_reset
                0x080029a0       0xc4 build/obj/usb_lld.o
                0x080029a0                usb_lld_reset
 *fill*         0x08002a64        0xc 
 .text.usb_lld_set_address
                0x08002a70       0x18 build/obj/usb_lld.o
                0x08002a70                usb_lld_set_address
 *fill*         0x08002a88        0x8 
 .text.usb_lld_init_endpoint
                0x08002a90      0x164 build/obj/usb_lld.o
                0x08002a90                usb_lld_init_endpoint
 *fill*         0x08002bf4        0xc 
 .text.usb_lld_get_status_out
                0x08002c00       0x1c build/obj/usb_lld.o
                0x08002c00                usb_lld_get_status_out
 *fill*         0x08002c1c        0x4 
 .text.usb_lld_get_status_in
                0x08002c20       0x1c build/obj/usb_lld.o
                0x08002c20                usb_lld_get_status_in
 *fill*         0x08002c3c        0x4 
 .text.usb_lld_read_setup
                0x08002c40       0x14 build/obj/usb_lld.o
                0x08002c40                usb_lld_read_setup
 *fill*         0x08002c54        0xc 
 .text.usb_lld_prepare_receive
                0x08002c60       0x44 build/obj/usb_lld.o
                0x08002c60                usb_lld_prepare_receive
 *fill*         0x08002ca4        0xc 
 .text.otg_epout_handler.constprop.8
                0x08002cb0       0xa4 build/obj/usb_lld.o
 *fill*         0x08002d54        0xc 
 .text.usb_lld_prepare_transmit
                0x08002d60       0x4c build/obj/usb_lld.o
                0x08002d60                usb_lld_prepare_transmit
 *fill*         0x08002dac        0x4 
 .text.otg_epin_handler.constprop.9
                0x08002db0       0xd4 build/obj/usb_lld.o
 *fill*         0x08002e84        0xc 
 .text.Vector14C
                0x08002e90       0xf4 build/obj/usb_lld.o
                0x08002e90                Vector14C
 *fill*         0x08002f84        0xc 
 .text.usb_lld_start_out
                0x08002f90       0x14 build/obj/usb_lld.o
                0x08002f90                usb_lld_start_out
 *fill*         0x08002fa4        0xc 
 .text.usb_lld_start_in
                0x08002fb0       0x28 build/obj/usb_lld.o
                0x08002fb0                usb_lld_start_in
 *fill*         0x08002fd8        0x8 
 .text.usb_lld_stall_out
                0x08002fe0       0x14 build/obj/usb_lld.o
                0x08002fe0                usb_lld_stall_out
 *fill*         0x08002ff4        0xc 
 .text.usb_lld_stall_in
                0x08003000       0x14 build/obj/usb_lld.o
                0x08003000                usb_lld_stall_in
 *fill*         0x08003014        0xc 
 .text.usb_lld_clear_out
                0x08003020       0x14 build/obj/usb_lld.o
                0x08003020                usb_lld_clear_out
 *fill*         0x08003034        0xc 
 .text.usb_lld_clear_in
                0x08003040       0x14 build/obj/usb_lld.o
                0x08003040                usb_lld_clear_in
 *fill*         0x08003054        0xc 
 .text.__early_init
                0x08003060        0x4 build/obj/board.o
                0x08003060                __early_init
 *fill*         0x08003064        0xc 
 .text.boardInit
                0x08003070        0x4 build/obj/board.o
                0x08003070                boardInit
 *fill*         0x08003074        0xc 
 .text.usb_get_descriptor_cb
                0x08003080       0x58 build/obj/usbcfg.o
 *fill*         0x080030d8        0x8 
 .text.usb_event
                0x080030e0       0x34 build/obj/usbcfg.o
 *fill*         0x08003114        0xc 
 .text.hid_transmit
                0x08003120       0x40 build/obj/usb_hid.o
                0x08003120                hid_transmit
 .text.usb_request_hook_cb
                0x08003160       0xb8 build/obj/usb_hid.o
                0x08003160                usb_request_hook_cb
 *fill*         0x08003218        0x8 
 .text.hidDataTransmitted
                0x08003220       0x1c build/obj/usb_hid.o
                0x08003220                hidDataTransmitted
 *fill*         0x0800323c        0x4 
 .text.hidDataReceived
                0x08003240       0x1c build/obj/usb_hid.o
                0x08003240                hidDataReceived
 *fill*         0x0800325c        0x4 
 .text.sin      0x08003260       0x88 /usr/local/gcc-arm-none-eabi-5_4-2016q3/bin/../lib/gcc/arm-none-eabi/5.4.1/../../../../arm-none-eabi/lib/armv7e-m/libm.a(lib_a-s_sin.o)
                0x08003260                sin
 *fill*         0x080032e8        0x8 
 .text.__ieee754_rem_pio2
                0x080032f0      0x444 /usr/local/gcc-arm-none-eabi-5_4-2016q3/bin/../lib/gcc/arm-none-eabi/5.4.1/../../../../arm-none-eabi/lib/armv7e-m/libm.a(lib_a-e_rem_pio2.o)
                0x080032f0                __ieee754_rem_pio2
 *fill*         0x08003734        0xc 
 .text.__kernel_cos
                0x08003740      0x248 /usr/local/gcc-arm-none-eabi-5_4-2016q3/bin/../lib/gcc/arm-none-eabi/5.4.1/../../../../arm-none-eabi/lib/armv7e-m/libm.a(lib_a-k_cos.o)
                0x08003740                __kernel_cos
 *fill*         0x08003988        0x8 
 .text.__kernel_rem_pio2
                0x08003990      0x7f0 /usr/local/gcc-arm-none-eabi-5_4-2016q3/bin/../lib/gcc/arm-none-eabi/5.4.1/../../../../arm-none-eabi/lib/armv7e-m/libm.a(lib_a-k_rem_pio2.o)
                0x08003990                __kernel_rem_pio2
 .text.__kernel_sin
                0x08004180      0x16c /usr/local/gcc-arm-none-eabi-5_4-2016q3/bin/../lib/gcc/arm-none-eabi/5.4.1/../../../../arm-none-eabi/lib/armv7e-m/libm.a(lib_a-k_sin.o)
                0x08004180                __kernel_sin
 *fill*         0x080042ec        0x4 
 .text.fabs     0x080042f0        0x8 /usr/local/gcc-arm-none-eabi-5_4-2016q3/bin/../lib/gcc/arm-none-eabi/5.4.1/../../../../arm-none-eabi/lib/armv7e-m/libm.a(lib_a-s_fabs.o)
                0x080042f0                fabs
 *fill*         0x080042f8        0x8 
 .text.floor    0x08004300      0x110 /usr/local/gcc-arm-none-eabi-5_4-2016q3/bin/../lib/gcc/arm-none-eabi/5.4.1/../../../../arm-none-eabi/lib/armv7e-m/libm.a(lib_a-s_floor.o)
                0x08004300                floor
 .text.scalbn   0x08004410       0xfc /usr/local/gcc-arm-none-eabi-5_4-2016q3/bin/../lib/gcc/arm-none-eabi/5.4.1/../../../../arm-none-eabi/lib/armv7e-m/libm.a(lib_a-s_scalbn.o)
                0x08004410                scalbn
 *fill*         0x0800450c        0x4 
 .text.copysign
                0x08004510       0x10 /usr/local/gcc-arm-none-eabi-5_4-2016q3/bin/../lib/gcc/arm-none-eabi/5.4.1/../../../../arm-none-eabi/lib/armv7e-m/libm.a(lib_a-s_copysign.o)
                0x08004510                copysign
 *(.rodata)
 *(.rodata.*)
 .rodata.str1.4
                0x08004520        0x5 build/obj/chsys.o
 *fill*         0x08004525        0xb 
 .rodata.ch_debug
                0x08004530       0x16 build/obj/chregistry.o
                0x08004530                ch_debug
 *fill*         0x08004546        0xa 
 .rodata.zero_status
                0x08004550        0x2 build/obj/usb.o
 *fill*         0x08004552        0xe 
 .rodata.active_status
                0x08004560        0x2 build/obj/usb.o
 *fill*         0x08004562        0xe 
 .rodata.halted_status
                0x08004570        0x2 build/obj/usb.o
 *fill*         0x08004572        0xe 
 .rodata._stm32_dma_streams
                0x08004580       0xc0 build/obj/stm32_dma.o
                0x08004580                _stm32_dma_streams
 .rodata.fsparams
                0x08004640        0xc build/obj/usb_lld.o
 *fill*         0x0800464c        0x4 
 .rodata.str1.4
                0x08004650       0x10 build/obj/usb_lld.o
                                  0xd (size before relaxing)
 .rodata.ep0config
                0x08004660       0x24 build/obj/usb_lld.o
 *fill*         0x08004684        0xc 
 .rodata.pal_default_config
                0x08004690       0xfc build/obj/board.o
                0x08004690                pal_default_config
 *fill*         0x0800478c        0x4 
 .rodata.ep1config
                0x08004790       0x24 build/obj/usbcfg.o
 *fill*         0x080047b4        0xc 
 .rodata.hid_configuration_descriptor_data
                0x080047c0       0x99 build/obj/usbcfg.o
 *fill*         0x08004859        0x7 
 .rodata.hid_string0
                0x08004860        0x4 build/obj/usbcfg.o
 *fill*         0x08004864        0xc 
 .rodata.hid_device_descriptor
                0x08004870        0x8 build/obj/usbcfg.o
 *fill*         0x08004878        0x8 
 .rodata.ep2config
                0x08004880       0x24 build/obj/usbcfg.o
 *fill*         0x080048a4        0xc 
 .rodata.hid_string3
                0x080048b0       0x10 build/obj/usbcfg.o
 .rodata.hid_string4
                0x080048c0       0x10 build/obj/usbcfg.o
 .rodata.hid_strings
                0x080048d0       0x28 build/obj/usbcfg.o
 *fill*         0x080048f8        0x8 
 .rodata.hid_string2
                0x08004900       0x16 build/obj/usbcfg.o
 *fill*         0x08004916        0xa 
 .rodata.usbcfg
                0x08004920       0x10 build/obj/usbcfg.o
                0x08004920                usbcfg
 .rodata.hid_string1
                0x08004930       0x2e build/obj/usbcfg.o
 *fill*         0x0800495e        0x2 
 .rodata.hid_generic_joystick_reporter_data
                0x08004960       0x2a build/obj/usbcfg.o
 *fill*         0x0800498a        0x6 
 .rodata.hid_device_descriptor_data
                0x08004990       0x12 build/obj/usbcfg.o
 *fill*         0x080049a2        0xe 
 .rodata.hid_configuration_descriptor
                0x080049b0        0x8 build/obj/usbcfg.o
 *fill*         0x080049b8        0x8 
 .rodata.hid_generic_joystick_reporter
                0x080049c0        0x8 build/obj/usbcfg.o
 *fill*         0x080049c8        0x8 
 .rodata.npio2_hw
                0x080049d0       0x80 /usr/local/gcc-arm-none-eabi-5_4-2016q3/bin/../lib/gcc/arm-none-eabi/5.4.1/../../../../arm-none-eabi/lib/armv7e-m/libm.a(lib_a-e_rem_pio2.o)
 .rodata.two_over_pi
                0x08004a50      0x108 /usr/local/gcc-arm-none-eabi-5_4-2016q3/bin/../lib/gcc/arm-none-eabi/5.4.1/../../../../arm-none-eabi/lib/armv7e-m/libm.a(lib_a-e_rem_pio2.o)
 *fill*         0x08004b58        0x8 
 .rodata.init_jk
                0x08004b60       0x10 /usr/local/gcc-arm-none-eabi-5_4-2016q3/bin/../lib/gcc/arm-none-eabi/5.4.1/../../../../arm-none-eabi/lib/armv7e-m/libm.a(lib_a-k_rem_pio2.o)
 .rodata.PIo2   0x08004b70       0x40 /usr/local/gcc-arm-none-eabi-5_4-2016q3/bin/../lib/gcc/arm-none-eabi/5.4.1/../../../../arm-none-eabi/lib/armv7e-m/libm.a(lib_a-k_rem_pio2.o)
 *(.glue_7t)
 .glue_7t       0x08004bb0        0x0 linker stubs
 *(.glue_7)
 .glue_7        0x08004bb0        0x0 linker stubs
 *(.gcc*)

.vfp11_veneer   0x08004bb0        0x0
 .vfp11_veneer  0x08004bb0        0x0 linker stubs

.v4_bx          0x08004bb0        0x0
 .v4_bx         0x08004bb0        0x0 linker stubs

.iplt           0x08004bb0        0x0
 .iplt          0x08004bb0        0x0 build/obj/crt0.o

.rel.dyn        0x08004bb0        0x0
 .rel.iplt      0x08004bb0        0x0 build/obj/crt0.o

.ARM.extab
 *(.ARM.extab* .gnu.linkonce.armextab.*)

.ARM.exidx      0x08004bb0        0x0
                [!provide]                PROVIDE (__exidx_start, .)
 *(.ARM.exidx* .gnu.linkonce.armexidx.*)
                [!provide]                PROVIDE (__exidx_end, .)

.eh_frame_hdr
 *(.eh_frame_hdr)

.eh_frame
 *(.eh_frame)

.textalign      0x08004bb0        0x0
                0x08004bb0                . = ALIGN (0x8)
                0x08004bb0                . = ALIGN (0x4)
                0x08004bb0                _etext = .
                0x08004bb0                _textdata = _etext

.stacks         0x20000000      0x800
                0x20000000                . = ALIGN (0x8)
                0x20000000                __main_stack_base__ = .
                0x20000400                . = (. + __main_stack_size__)
 *fill*         0x20000000      0x400 
                0x20000400                . = ALIGN (0x8)
                0x20000400                __main_stack_end__ = .
                0x20000400                __process_stack_base__ = .
                0x20000400                __main_thread_stack_base__ = .
                0x20000800                . = (. + __process_stack_size__)
 *fill*         0x20000400      0x400 
                0x20000800                . = ALIGN (0x8)
                0x20000800                __process_stack_end__ = .
                0x20000800                __main_thread_stack_end__ = .

.data           0x20000800       0x14 load address 0x08004bb0
                0x20000800                . = ALIGN (0x4)
                0x20000800                PROVIDE (_data, .)
 *(.data)
 *(.data.*)
 .data.hid_in_data
                0x20000800       0x14 build/obj/usb_hid.o
                0x20000800                hid_in_data
 *(.ramtext)
                0x20000814                . = ALIGN (0x4)
                0x20000814                PROVIDE (_edata, .)

.igot.plt       0x20000814        0x0 load address 0x08004bc4
 .igot.plt      0x20000814        0x0 build/obj/crt0.o

.bss            0x20000814      0x48c
                0x20000814                . = ALIGN (0x4)
                0x20000814                PROVIDE (_bss_start, .)
 *(.bss)
 *(.bss.*)
 .bss.mainthread.4903
                0x20000814       0x44 build/obj/chsys.o
 .bss._idle_thread_wa
                0x20000858       0xd8 build/obj/chsys.o
                0x20000858                _idle_thread_wa
 .bss.vtlist    0x20000930       0x10 build/obj/chvt.o
                0x20000930                vtlist
 .bss.rlist     0x20000940       0x1c build/obj/chschd.o
                0x20000940                rlist
 .bss.endmem    0x2000095c        0x4 build/obj/chmemcore.o
 .bss.nextmem   0x20000960        0x4 build/obj/chmemcore.o
 *fill*         0x20000964        0x4 
 .bss.default_heap
                0x20000968       0x20 build/obj/chheap.o
 .bss.dma_isr_redir
                0x20000988       0x80 build/obj/stm32_dma.o
 .bss.dma_streams_mask
                0x20000a08        0x4 build/obj/stm32_dma.o
 .bss.ADCD1     0x20000a0c       0x34 build/obj/adc_lld.o
                0x20000a0c                ADCD1
 .bss.ADCD2     0x20000a40       0x34 build/obj/adc_lld.o
                0x20000a40                ADCD2
 .bss.ADCD3     0x20000a74       0x34 build/obj/adc_lld.o
                0x20000a74                ADCD3
 .bss.USBD1     0x20000aa8      0x1b0 build/obj/usb_lld.o
                0x20000aa8                USBD1
 .bss.ep0_state
                0x20000c58       0x14 build/obj/usb_lld.o
 .bss.ep0setup_buffer
                0x20000c6c        0x8 build/obj/usb_lld.o
 .bss.ep1instate
                0x20000c74       0x14 build/obj/usbcfg.o
 .bss.ep2outstate
                0x20000c88       0x14 build/obj/usbcfg.o
 .bss.usbInitState
                0x20000c9c        0x1 build/obj/usb_hid.o
                0x20000c9c                usbInitState
 *(COMMON)
                0x20000ca0                . = ALIGN (0x4)
 *fill*         0x20000c9d        0x3 
                0x20000ca0                PROVIDE (_bss_end, .)
                [!provide]                PROVIDE (end, .)
                0x20000ca0                _end = .
                0x20000ca0                __heap_base__ = _end
                0x2001c000                __heap_end__ = __ram_end__
LOAD /usr/local/gcc-arm-none-eabi-5_4-2016q3/bin/../lib/gcc/arm-none-eabi/5.4.1/../../../../arm-none-eabi/lib/armv7e-m/libm.a
START GROUP
LOAD /usr/local/gcc-arm-none-eabi-5_4-2016q3/bin/../lib/gcc/arm-none-eabi/5.4.1/armv7e-m/libgcc.a
LOAD /usr/local/gcc-arm-none-eabi-5_4-2016q3/bin/../lib/gcc/arm-none-eabi/5.4.1/../../../../arm-none-eabi/lib/armv7e-m/libg.a
LOAD /usr/local/gcc-arm-none-eabi-5_4-2016q3/bin/../lib/gcc/arm-none-eabi/5.4.1/../../../../arm-none-eabi/lib/armv7e-m/libc.a
END GROUP
OUTPUT(build/ch.elf elf32-littlearm)

.debug_info     0x00000000    0x104b6
 .debug_info    0x00000000      0x2a8 build/obj/crt0.o
 .debug_info    0x000002a8      0x1d4 build/obj/vectors.o
 .debug_info    0x0000047c      0x802 build/obj/chcore_v7m.o
 .debug_info    0x00000c7e      0x40d build/obj/nvic.o
 .debug_info    0x0000108b      0x802 build/obj/chsys.o
 .debug_info    0x0000188d      0x20a build/obj/chvt.o
 .debug_info    0x00001a97      0x9af build/obj/chschd.o
 .debug_info    0x00002446      0xbd1 build/obj/chthreads.o
 .debug_info    0x00003017      0x612 build/obj/chregistry.o
 .debug_info    0x00003629      0x9c2 build/obj/chmtx.o
 .debug_info    0x00003feb      0x226 build/obj/chmemcore.o
 .debug_info    0x00004211      0x6d9 build/obj/chheap.o
 .debug_info    0x000048ea      0x3af build/obj/hal.o
 .debug_info    0x00004c99      0xdbf build/obj/adc.o
 .debug_info    0x00005a58     0x1df6 build/obj/usb.o
 .debug_info    0x0000784e      0xa6f build/obj/stm32_dma.o
 .debug_info    0x000082bd      0x49c build/obj/hal_lld.o
 .debug_info    0x00008759     0x1282 build/obj/adc_lld.o
 .debug_info    0x000099db      0x6ff build/obj/pal_lld.o
 .debug_info    0x0000a0da     0x27bb build/obj/usb_lld.o
 .debug_info    0x0000c895      0x1ff build/obj/board.o
 .debug_info    0x0000ca94     0x12f4 build/obj/usbcfg.o
 .debug_info    0x0000dd88     0x12f0 build/obj/main.o
 .debug_info    0x0000f078     0x143e build/obj/usb_hid.o

.debug_abbrev   0x00000000     0x335c
 .debug_abbrev  0x00000000      0x10f build/obj/crt0.o
 .debug_abbrev  0x0000010f       0xb2 build/obj/vectors.o
 .debug_abbrev  0x000001c1      0x20d build/obj/chcore_v7m.o
 .debug_abbrev  0x000003ce      0x10e build/obj/nvic.o
 .debug_abbrev  0x000004dc      0x203 build/obj/chsys.o
 .debug_abbrev  0x000006df      0x117 build/obj/chvt.o
 .debug_abbrev  0x000007f6      0x2fb build/obj/chschd.o
 .debug_abbrev  0x00000af1      0x316 build/obj/chthreads.o
 .debug_abbrev  0x00000e07      0x179 build/obj/chregistry.o
 .debug_abbrev  0x00000f80      0x2cb build/obj/chmtx.o
 .debug_abbrev  0x0000124b      0x15b build/obj/chmemcore.o
 .debug_abbrev  0x000013a6      0x1cb build/obj/chheap.o
 .debug_abbrev  0x00001571      0x194 build/obj/hal.o
 .debug_abbrev  0x00001705      0x2c2 build/obj/adc.o
 .debug_abbrev  0x000019c7      0x3f1 build/obj/usb.o
 .debug_abbrev  0x00001db8      0x206 build/obj/stm32_dma.o
 .debug_abbrev  0x00001fbe      0x12b build/obj/hal_lld.o
 .debug_abbrev  0x000020e9      0x35a build/obj/adc_lld.o
 .debug_abbrev  0x00002443      0x1b2 build/obj/pal_lld.o
 .debug_abbrev  0x000025f5      0x4d9 build/obj/usb_lld.o
 .debug_abbrev  0x00002ace       0xe3 build/obj/board.o
 .debug_abbrev  0x00002bb1      0x2bd build/obj/usbcfg.o
 .debug_abbrev  0x00002e6e      0x260 build/obj/main.o
 .debug_abbrev  0x000030ce      0x28e build/obj/usb_hid.o

.debug_loc      0x00000000     0x4130
 .debug_loc     0x00000000       0xba build/obj/crt0.o
 .debug_loc     0x000000ba       0x5a build/obj/chcore_v7m.o
 .debug_loc     0x00000114      0x148 build/obj/nvic.o
 .debug_loc     0x0000025c       0x31 build/obj/chsys.o
 .debug_loc     0x0000028d       0x67 build/obj/chvt.o
 .debug_loc     0x000002f4      0x33e build/obj/chschd.o
 .debug_loc     0x00000632      0x49c build/obj/chthreads.o
 .debug_loc     0x00000ace       0x3f build/obj/chregistry.o
 .debug_loc     0x00000b0d      0x39e build/obj/chmtx.o
 .debug_loc     0x00000eab       0xb0 build/obj/chmemcore.o
 .debug_loc     0x00000f5b      0x3a1 build/obj/chheap.o
 .debug_loc     0x000012fc       0xce build/obj/hal.o
 .debug_loc     0x000013ca      0x3f3 build/obj/adc.o
 .debug_loc     0x000017bd      0xc0c build/obj/usb.o
 .debug_loc     0x000023c9      0x276 build/obj/stm32_dma.o
 .debug_loc     0x0000263f      0x432 build/obj/adc_lld.o
 .debug_loc     0x00002a71      0x2c2 build/obj/pal_lld.o
 .debug_loc     0x00002d33     0x110f build/obj/usb_lld.o
 .debug_loc     0x00003e42      0x14e build/obj/usbcfg.o
 .debug_loc     0x00003f90       0x2a build/obj/main.o
 .debug_loc     0x00003fba      0x176 build/obj/usb_hid.o

.debug_aranges  0x00000000      0x740
 .debug_aranges
                0x00000000       0x30 build/obj/crt0.o
 .debug_aranges
                0x00000030       0x20 build/obj/vectors.o
 .debug_aranges
                0x00000050       0x50 build/obj/chcore_v7m.o
 .debug_aranges
                0x000000a0       0x30 build/obj/nvic.o
 .debug_aranges
                0x000000d0       0x30 build/obj/chsys.o
 .debug_aranges
                0x00000100       0x30 build/obj/chvt.o
 .debug_aranges
                0x00000130       0x68 build/obj/chschd.o
 .debug_aranges
                0x00000198       0x78 build/obj/chthreads.o
 .debug_aranges
                0x00000210       0x28 build/obj/chregistry.o
 .debug_aranges
                0x00000238       0x58 build/obj/chmtx.o
 .debug_aranges
                0x00000290       0x38 build/obj/chmemcore.o
 .debug_aranges
                0x000002c8       0x40 build/obj/chheap.o
 .debug_aranges
                0x00000308       0x30 build/obj/hal.o
 .debug_aranges
                0x00000338       0x70 build/obj/adc.o
 .debug_aranges
                0x000003a8       0xa8 build/obj/usb.o
 .debug_aranges
                0x00000450       0xb0 build/obj/stm32_dma.o
 .debug_aranges
                0x00000500       0x28 build/obj/hal_lld.o
 .debug_aranges
                0x00000528       0x70 build/obj/adc_lld.o
 .debug_aranges
                0x00000598       0x28 build/obj/pal_lld.o
 .debug_aranges
                0x000005c0       0xd0 build/obj/usb_lld.o
 .debug_aranges
                0x00000690       0x28 build/obj/board.o
 .debug_aranges
                0x000006b8       0x28 build/obj/usbcfg.o
 .debug_aranges
                0x000006e0       0x20 build/obj/main.o
 .debug_aranges
                0x00000700       0x40 build/obj/usb_hid.o

.debug_ranges   0x00000000      0xe68
 .debug_ranges  0x00000000       0x50 build/obj/crt0.o
 .debug_ranges  0x00000050       0x10 build/obj/vectors.o
 .debug_ranges  0x00000060       0x58 build/obj/chcore_v7m.o
 .debug_ranges  0x000000b8       0x20 build/obj/nvic.o
 .debug_ranges  0x000000d8       0x38 build/obj/chsys.o
 .debug_ranges  0x00000110       0x20 build/obj/chvt.o
 .debug_ranges  0x00000130      0x178 build/obj/chschd.o
 .debug_ranges  0x000002a8      0x100 build/obj/chthreads.o
 .debug_ranges  0x000003a8       0x18 build/obj/chregistry.o
 .debug_ranges  0x000003c0      0x160 build/obj/chmtx.o
 .debug_ranges  0x00000520       0x28 build/obj/chmemcore.o
 .debug_ranges  0x00000548       0x30 build/obj/chheap.o
 .debug_ranges  0x00000578       0x38 build/obj/hal.o
 .debug_ranges  0x000005b0       0xd8 build/obj/adc.o
 .debug_ranges  0x00000688      0x1a0 build/obj/usb.o
 .debug_ranges  0x00000828       0xa0 build/obj/stm32_dma.o
 .debug_ranges  0x000008c8       0x30 build/obj/hal_lld.o
 .debug_ranges  0x000008f8       0xf8 build/obj/adc_lld.o
 .debug_ranges  0x000009f0       0xa8 build/obj/pal_lld.o
 .debug_ranges  0x00000a98      0x360 build/obj/usb_lld.o
 .debug_ranges  0x00000df8       0x18 build/obj/board.o
 .debug_ranges  0x00000e10       0x18 build/obj/usbcfg.o
 .debug_ranges  0x00000e28       0x10 build/obj/main.o
 .debug_ranges  0x00000e38       0x30 build/obj/usb_hid.o

.debug_line     0x00000000     0x49c3
 .debug_line    0x00000000      0x15d build/obj/crt0.o
 .debug_line    0x0000015d      0x112 build/obj/vectors.o
 .debug_line    0x0000026f      0x24b build/obj/chcore_v7m.o
 .debug_line    0x000004ba      0x146 build/obj/nvic.o
 .debug_line    0x00000600      0x208 build/obj/chsys.o
 .debug_line    0x00000808      0x19d build/obj/chvt.o
 .debug_line    0x000009a5      0x377 build/obj/chschd.o
 .debug_line    0x00000d1c      0x3ea build/obj/chthreads.o
 .debug_line    0x00001106      0x232 build/obj/chregistry.o
 .debug_line    0x00001338      0x367 build/obj/chmtx.o
 .debug_line    0x0000169f      0x1aa build/obj/chmemcore.o
 .debug_line    0x00001849      0x2d4 build/obj/chheap.o
 .debug_line    0x00001b1d      0x2d6 build/obj/hal.o
 .debug_line    0x00001df3      0x3cd build/obj/adc.o
 .debug_line    0x000021c0      0x5f1 build/obj/usb.o
 .debug_line    0x000027b1      0x416 build/obj/stm32_dma.o
 .debug_line    0x00002bc7      0x22f build/obj/hal_lld.o
 .debug_line    0x00002df6      0x5a8 build/obj/adc_lld.o
 .debug_line    0x0000339e      0x238 build/obj/pal_lld.o
 .debug_line    0x000035d6      0x825 build/obj/usb_lld.o
 .debug_line    0x00003dfb      0x1d7 build/obj/board.o
 .debug_line    0x00003fd2      0x2ae build/obj/usbcfg.o
 .debug_line    0x00004280      0x3f9 build/obj/main.o
 .debug_line    0x00004679      0x34a build/obj/usb_hid.o

.debug_str      0x00000000     0x2a54
 .debug_str     0x00000000      0x28c build/obj/crt0.o
                                0x2d7 (size before relaxing)
 .debug_str     0x0000028c      0x15c build/obj/vectors.o
                                0x311 (size before relaxing)
 .debug_str     0x000003e8      0x2de build/obj/chcore_v7m.o
                                0x4bc (size before relaxing)
 .debug_str     0x000006c6       0xa1 build/obj/nvic.o
                                0x2e3 (size before relaxing)
 .debug_str     0x00000767      0x217 build/obj/chsys.o
                                0x5ad (size before relaxing)
 .debug_str     0x0000097e       0x41 build/obj/chvt.o
                                0x264 (size before relaxing)
 .debug_str     0x000009bf       0xe0 build/obj/chschd.o
                                0x4d3 (size before relaxing)
 .debug_str     0x00000a9f       0xe5 build/obj/chthreads.o
                                0x53e (size before relaxing)
 .debug_str     0x00000b84       0x4d build/obj/chregistry.o
                                0x4c2 (size before relaxing)
 .debug_str     0x00000bd1       0x9c build/obj/chmtx.o
                                0x44e (size before relaxing)
 .debug_str     0x00000c6d       0x7b build/obj/chmemcore.o
                                0x259 (size before relaxing)
 .debug_str     0x00000ce8       0xbe build/obj/chheap.o
                                0x43d (size before relaxing)
 .debug_str     0x00000da6      0x17a build/obj/hal.o
                                0x356 (size before relaxing)
 .debug_str     0x00000f20      0x30c build/obj/adc.o
                                0x703 (size before relaxing)
 .debug_str     0x0000122c      0x988 build/obj/usb.o
                                0xd48 (size before relaxing)
 .debug_str     0x00001bb4      0x791 build/obj/stm32_dma.o
                                0xa2f (size before relaxing)
 .debug_str     0x00002345       0xc9 build/obj/hal_lld.o
                                0x40d (size before relaxing)
 .debug_str     0x0000240e       0xe5 build/obj/adc_lld.o
                                0xd45 (size before relaxing)
 .debug_str     0x000024f3       0xd4 build/obj/pal_lld.o
                                0x46b (size before relaxing)
 .debug_str     0x000025c7      0x21d build/obj/usb_lld.o
                                0xfdb (size before relaxing)
 .debug_str     0x000027e4       0x42 build/obj/board.o
                                0x2c5 (size before relaxing)
 .debug_str     0x00002826      0x166 build/obj/usbcfg.o
                                0xbb7 (size before relaxing)
 .debug_str     0x0000298c       0x58 build/obj/main.o
                                0xb4a (size before relaxing)
 .debug_str     0x000029e4       0x70 build/obj/usb_hid.o
                                0xb99 (size before relaxing)

.comment        0x00000000       0x6e
 .comment       0x00000000       0x6e build/obj/crt0.o
                                 0x6f (size before relaxing)
 .comment       0x0000006e       0x6f build/obj/vectors.o
 .comment       0x0000006e       0x6f build/obj/chcore_v7m.o
 .comment       0x0000006e       0x6f build/obj/nvic.o
 .comment       0x0000006e       0x6f build/obj/chsys.o
 .comment       0x0000006e       0x6f build/obj/chvt.o
 .comment       0x0000006e       0x6f build/obj/chschd.o
 .comment       0x0000006e       0x6f build/obj/chthreads.o
 .comment       0x0000006e       0x6f build/obj/chregistry.o
 .comment       0x0000006e       0x6f build/obj/chmtx.o
 .comment       0x0000006e       0x6f build/obj/chmemcore.o
 .comment       0x0000006e       0x6f build/obj/chheap.o
 .comment       0x0000006e       0x6f build/obj/hal.o
 .comment       0x0000006e       0x6f build/obj/adc.o
 .comment       0x0000006e       0x6f build/obj/usb.o
 .comment       0x0000006e       0x6f build/obj/stm32_dma.o
 .comment       0x0000006e       0x6f build/obj/hal_lld.o
 .comment       0x0000006e       0x6f build/obj/adc_lld.o
 .comment       0x0000006e       0x6f build/obj/pal_lld.o
 .comment       0x0000006e       0x6f build/obj/usb_lld.o
 .comment       0x0000006e       0x6f build/obj/board.o
 .comment       0x0000006e       0x6f build/obj/usbcfg.o
 .comment       0x0000006e       0x6f build/obj/main.o
 .comment       0x0000006e       0x6f build/obj/usb_hid.o

.ARM.attributes
                0x00000000       0x33
 .ARM.attributes
                0x00000000       0x33 build/obj/crt0.o
 .ARM.attributes
                0x00000033       0x33 build/obj/vectors.o
 .ARM.attributes
                0x00000066       0x33 build/obj/chcore_v7m.o
 .ARM.attributes
                0x00000099       0x33 build/obj/nvic.o
 .ARM.attributes
                0x000000cc       0x33 build/obj/chsys.o
 .ARM.attributes
                0x000000ff       0x33 build/obj/chvt.o
 .ARM.attributes
                0x00000132       0x33 build/obj/chschd.o
 .ARM.attributes
                0x00000165       0x33 build/obj/chthreads.o
 .ARM.attributes
                0x00000198       0x33 build/obj/chregistry.o
 .ARM.attributes
                0x000001cb       0x33 build/obj/chmtx.o
 .ARM.attributes
                0x000001fe       0x33 build/obj/chmemcore.o
 .ARM.attributes
                0x00000231       0x33 build/obj/chheap.o
 .ARM.attributes
                0x00000264       0x33 build/obj/hal.o
 .ARM.attributes
                0x00000297       0x33 build/obj/adc.o
 .ARM.attributes
                0x000002ca       0x33 build/obj/usb.o
 .ARM.attributes
                0x000002fd       0x33 build/obj/stm32_dma.o
 .ARM.attributes
                0x00000330       0x33 build/obj/hal_lld.o
 .ARM.attributes
                0x00000363       0x33 build/obj/adc_lld.o
 .ARM.attributes
                0x00000396       0x33 build/obj/pal_lld.o
 .ARM.attributes
                0x000003c9       0x33 build/obj/usb_lld.o
 .ARM.attributes
                0x000003fc       0x33 build/obj/board.o
 .ARM.attributes
                0x0000042f       0x33 build/obj/usbcfg.o
 .ARM.attributes
                0x00000462       0x33 build/obj/main.o
 .ARM.attributes
                0x00000495       0x33 build/obj/usb_hid.o
 .ARM.attributes
                0x000004c8       0x2e /usr/local/gcc-arm-none-eabi-5_4-2016q3/bin/../lib/gcc/arm-none-eabi/5.4.1/../../../../arm-none-eabi/lib/armv7e-m/libm.a(lib_a-s_sin.o)
 .ARM.attributes
                0x000004f6       0x2e /usr/local/gcc-arm-none-eabi-5_4-2016q3/bin/../lib/gcc/arm-none-eabi/5.4.1/../../../../arm-none-eabi/lib/armv7e-m/libm.a(lib_a-e_rem_pio2.o)
 .ARM.attributes
                0x00000524       0x2e /usr/local/gcc-arm-none-eabi-5_4-2016q3/bin/../lib/gcc/arm-none-eabi/5.4.1/../../../../arm-none-eabi/lib/armv7e-m/libm.a(lib_a-k_cos.o)
 .ARM.attributes
                0x00000552       0x2e /usr/local/gcc-arm-none-eabi-5_4-2016q3/bin/../lib/gcc/arm-none-eabi/5.4.1/../../../../arm-none-eabi/lib/armv7e-m/libm.a(lib_a-k_rem_pio2.o)
 .ARM.attributes
                0x00000580       0x2e /usr/local/gcc-arm-none-eabi-5_4-2016q3/bin/../lib/gcc/arm-none-eabi/5.4.1/../../../../arm-none-eabi/lib/armv7e-m/libm.a(lib_a-k_sin.o)
 .ARM.attributes
                0x000005ae       0x2e /usr/local/gcc-arm-none-eabi-5_4-2016q3/bin/../lib/gcc/arm-none-eabi/5.4.1/../../../../arm-none-eabi/lib/armv7e-m/libm.a(lib_a-s_fabs.o)
 .ARM.attributes
                0x000005dc       0x2e /usr/local/gcc-arm-none-eabi-5_4-2016q3/bin/../lib/gcc/arm-none-eabi/5.4.1/../../../../arm-none-eabi/lib/armv7e-m/libm.a(lib_a-s_floor.o)
 .ARM.attributes
                0x0000060a       0x2e /usr/local/gcc-arm-none-eabi-5_4-2016q3/bin/../lib/gcc/arm-none-eabi/5.4.1/../../../../arm-none-eabi/lib/armv7e-m/libm.a(lib_a-s_scalbn.o)
 .ARM.attributes
                0x00000638       0x2e /usr/local/gcc-arm-none-eabi-5_4-2016q3/bin/../lib/gcc/arm-none-eabi/5.4.1/../../../../arm-none-eabi/lib/armv7e-m/libm.a(lib_a-s_copysign.o)
 .ARM.attributes
                0x00000666       0x1e /usr/local/gcc-arm-none-eabi-5_4-2016q3/bin/../lib/gcc/arm-none-eabi/5.4.1/armv7e-m/libgcc.a(_arm_addsubdf3.o)
 .ARM.attributes
                0x00000684       0x1e /usr/local/gcc-arm-none-eabi-5_4-2016q3/bin/../lib/gcc/arm-none-eabi/5.4.1/armv7e-m/libgcc.a(_arm_muldivdf3.o)
 .ARM.attributes
                0x000006a2       0x1e /usr/local/gcc-arm-none-eabi-5_4-2016q3/bin/../lib/gcc/arm-none-eabi/5.4.1/armv7e-m/libgcc.a(_arm_cmpdf2.o)
 .ARM.attributes
                0x000006c0       0x1e /usr/local/gcc-arm-none-eabi-5_4-2016q3/bin/../lib/gcc/arm-none-eabi/5.4.1/armv7e-m/libgcc.a(_arm_fixdfsi.o)

.debug_frame    0x00000000     0x15c8
 .debug_frame   0x00000000       0x50 build/obj/crt0.o
 .debug_frame   0x00000050       0x20 build/obj/vectors.o
 .debug_frame   0x00000070       0xa0 build/obj/chcore_v7m.o
 .debug_frame   0x00000110       0x74 build/obj/nvic.o
 .debug_frame   0x00000184       0x5c build/obj/chsys.o
 .debug_frame   0x000001e0       0x58 build/obj/chvt.o
 .debug_frame   0x00000238      0x140 build/obj/chschd.o
 .debug_frame   0x00000378      0x178 build/obj/chthreads.o
 .debug_frame   0x000004f0       0x3c build/obj/chregistry.o
 .debug_frame   0x0000052c       0xec build/obj/chmtx.o
 .debug_frame   0x00000618       0x68 build/obj/chmemcore.o
 .debug_frame   0x00000680       0xb4 build/obj/chheap.o
 .debug_frame   0x00000734       0x50 build/obj/hal.o
 .debug_frame   0x00000784      0x134 build/obj/adc.o
 .debug_frame   0x000008b8      0x220 build/obj/usb.o
 .debug_frame   0x00000ad8      0x270 build/obj/stm32_dma.o
 .debug_frame   0x00000d48       0x50 build/obj/hal_lld.o
 .debug_frame   0x00000d98      0x194 build/obj/adc_lld.o
 .debug_frame   0x00000f2c       0x6c build/obj/pal_lld.o
 .debug_frame   0x00000f98      0x2c4 build/obj/usb_lld.o
 .debug_frame   0x0000125c       0x30 build/obj/board.o
 .debug_frame   0x0000128c       0x4c build/obj/usbcfg.o
 .debug_frame   0x000012d8       0x3c build/obj/main.o
 .debug_frame   0x00001314       0xac build/obj/usb_hid.o
 .debug_frame   0x000013c0       0x38 /usr/local/gcc-arm-none-eabi-5_4-2016q3/bin/../lib/gcc/arm-none-eabi/5.4.1/../../../../arm-none-eabi/lib/armv7e-m/libm.a(lib_a-s_sin.o)
 .debug_frame   0x000013f8       0x48 /usr/local/gcc-arm-none-eabi-5_4-2016q3/bin/../lib/gcc/arm-none-eabi/5.4.1/../../../../arm-none-eabi/lib/armv7e-m/libm.a(lib_a-e_rem_pio2.o)
 .debug_frame   0x00001440       0x4c /usr/local/gcc-arm-none-eabi-5_4-2016q3/bin/../lib/gcc/arm-none-eabi/5.4.1/../../../../arm-none-eabi/lib/armv7e-m/libm.a(lib_a-k_cos.o)
 .debug_frame   0x0000148c       0x50 /usr/local/gcc-arm-none-eabi-5_4-2016q3/bin/../lib/gcc/arm-none-eabi/5.4.1/../../../../arm-none-eabi/lib/armv7e-m/libm.a(lib_a-k_rem_pio2.o)
 .debug_frame   0x000014dc       0x48 /usr/local/gcc-arm-none-eabi-5_4-2016q3/bin/../lib/gcc/arm-none-eabi/5.4.1/../../../../arm-none-eabi/lib/armv7e-m/libm.a(lib_a-k_sin.o)
 .debug_frame   0x00001524       0x20 /usr/local/gcc-arm-none-eabi-5_4-2016q3/bin/../lib/gcc/arm-none-eabi/5.4.1/../../../../arm-none-eabi/lib/armv7e-m/libm.a(lib_a-s_fabs.o)
 .debug_frame   0x00001544       0x34 /usr/local/gcc-arm-none-eabi-5_4-2016q3/bin/../lib/gcc/arm-none-eabi/5.4.1/../../../../arm-none-eabi/lib/armv7e-m/libm.a(lib_a-s_floor.o)
 .debug_frame   0x00001578       0x30 /usr/local/gcc-arm-none-eabi-5_4-2016q3/bin/../lib/gcc/arm-none-eabi/5.4.1/../../../../arm-none-eabi/lib/armv7e-m/libm.a(lib_a-s_scalbn.o)
 .debug_frame   0x000015a8       0x20 /usr/local/gcc-arm-none-eabi-5_4-2016q3/bin/../lib/gcc/arm-none-eabi/5.4.1/../../../../arm-none-eabi/lib/armv7e-m/libm.a(lib_a-s_copysign.o)

Cross Reference Table

Symbol                                            File
ADCD1                                             build/obj/adc_lld.o
                                                  build/obj/adccfg.o
ADCD2                                             build/obj/adc_lld.o
ADCD3                                             build/obj/adc_lld.o
BusFaultVector                                    build/obj/vectors.o
DebugMonitorVector                                build/obj/vectors.o
HardFaultVector                                   build/obj/vectors.o
MemManageVector                                   build/obj/vectors.o
NMIVector                                         build/obj/vectors.o
PendSVVector                                      build/obj/vectors.o
ResetHandler                                      build/obj/crt0.o
                                                  build/obj/vectors.o
SVCallVector                                      build/obj/chcore_v7m.o
                                                  build/obj/vectors.o
SysTickVector                                     build/obj/chcore_v7m.o
                                                  build/obj/vectors.o
TestThread                                        build/obj/test.o
USBD1                                             build/obj/usb_lld.o
                                                  build/obj/main.o
UsageFaultVector                                  build/obj/vectors.o
Vector100                                         build/obj/vectors.o
Vector104                                         build/obj/vectors.o
Vector108                                         build/obj/vectors.o
Vector10C                                         build/obj/vectors.o
Vector110                                         build/obj/vectors.o
Vector114                                         build/obj/vectors.o
Vector118                                         build/obj/vectors.o
Vector11C                                         build/obj/vectors.o
Vector120                                         build/obj/stm32_dma.o
                                                  build/obj/vectors.o
Vector124                                         build/obj/stm32_dma.o
                                                  build/obj/vectors.o
Vector128                                         build/obj/stm32_dma.o
                                                  build/obj/vectors.o
Vector12C                                         build/obj/stm32_dma.o
                                                  build/obj/vectors.o
Vector130                                         build/obj/stm32_dma.o
                                                  build/obj/vectors.o
Vector134                                         build/obj/vectors.o
Vector138                                         build/obj/vectors.o
Vector13C                                         build/obj/vectors.o
Vector140                                         build/obj/vectors.o
Vector144                                         build/obj/vectors.o
Vector148                                         build/obj/vectors.o
Vector14C                                         build/obj/usb_lld.o
                                                  build/obj/vectors.o
Vector150                                         build/obj/stm32_dma.o
                                                  build/obj/vectors.o
Vector154                                         build/obj/stm32_dma.o
                                                  build/obj/vectors.o
Vector158                                         build/obj/stm32_dma.o
                                                  build/obj/vectors.o
Vector15C                                         build/obj/vectors.o
Vector160                                         build/obj/vectors.o
Vector164                                         build/obj/vectors.o
Vector168                                         build/obj/vectors.o
Vector16C                                         build/obj/vectors.o
Vector170                                         build/obj/vectors.o
Vector174                                         build/obj/vectors.o
Vector178                                         build/obj/vectors.o
Vector17C                                         build/obj/vectors.o
Vector180                                         build/obj/vectors.o
Vector184                                         build/obj/vectors.o
Vector188                                         build/obj/vectors.o
Vector18C                                         build/obj/vectors.o
Vector190                                         build/obj/vectors.o
Vector194                                         build/obj/vectors.o
Vector198                                         build/obj/vectors.o
Vector19C                                         build/obj/vectors.o
Vector1A0                                         build/obj/vectors.o
Vector1A4                                         build/obj/vectors.o
Vector1A8                                         build/obj/vectors.o
Vector1C                                          build/obj/vectors.o
Vector20                                          build/obj/vectors.o
Vector24                                          build/obj/vectors.o
Vector28                                          build/obj/vectors.o
Vector34                                          build/obj/vectors.o
Vector40                                          build/obj/vectors.o
Vector44                                          build/obj/vectors.o
Vector48                                          build/obj/vectors.o
Vector4C                                          build/obj/vectors.o
Vector50                                          build/obj/vectors.o
Vector54                                          build/obj/vectors.o
Vector58                                          build/obj/vectors.o
Vector5C                                          build/obj/vectors.o
Vector60                                          build/obj/vectors.o
Vector64                                          build/obj/vectors.o
Vector68                                          build/obj/vectors.o
Vector6C                                          build/obj/stm32_dma.o
                                                  build/obj/vectors.o
Vector70                                          build/obj/stm32_dma.o
                                                  build/obj/vectors.o
Vector74                                          build/obj/stm32_dma.o
                                                  build/obj/vectors.o
Vector78                                          build/obj/stm32_dma.o
                                                  build/obj/vectors.o
Vector7C                                          build/obj/stm32_dma.o
                                                  build/obj/vectors.o
Vector80                                          build/obj/stm32_dma.o
                                                  build/obj/vectors.o
Vector84                                          build/obj/stm32_dma.o
                                                  build/obj/vectors.o
Vector88                                          build/obj/adc_lld.o
                                                  build/obj/vectors.o
Vector8C                                          build/obj/vectors.o
Vector90                                          build/obj/vectors.o
Vector94                                          build/obj/vectors.o
Vector98                                          build/obj/vectors.o
Vector9C                                          build/obj/vectors.o
VectorA0                                          build/obj/vectors.o
VectorA4                                          build/obj/vectors.o
VectorA8                                          build/obj/vectors.o
VectorAC                                          build/obj/vectors.o
VectorB0                                          build/obj/vectors.o
VectorB4                                          build/obj/vectors.o
VectorB8                                          build/obj/vectors.o
VectorBC                                          build/obj/vectors.o
VectorC0                                          build/obj/vectors.o
VectorC4                                          build/obj/vectors.o
VectorC8                                          build/obj/vectors.o
VectorCC                                          build/obj/vectors.o
VectorD0                                          build/obj/vectors.o
VectorD4                                          build/obj/vectors.o
VectorD8                                          build/obj/vectors.o
VectorDC                                          build/obj/vectors.o
VectorE0                                          build/obj/vectors.o
VectorE4                                          build/obj/vectors.o
VectorE8                                          build/obj/vectors.o
VectorEC                                          build/obj/vectors.o
VectorF0                                          build/obj/vectors.o
VectorF4                                          build/obj/vectors.o
VectorF8                                          build/obj/vectors.o
VectorFC                                          build/obj/stm32_dma.o
                                                  build/obj/vectors.o
__adddf3                                          /usr/local/gcc-arm-none-eabi-5_4-2016q3/bin/../lib/gcc/arm-none-eabi/5.4.1/armv7e-m/libgcc.a(_arm_addsubdf3.o)
__aeabi_cdcmpeq                                   /usr/local/gcc-arm-none-eabi-5_4-2016q3/bin/../lib/gcc/arm-none-eabi/5.4.1/armv7e-m/libgcc.a(_arm_cmpdf2.o)
__aeabi_cdcmple                                   /usr/local/gcc-arm-none-eabi-5_4-2016q3/bin/../lib/gcc/arm-none-eabi/5.4.1/armv7e-m/libgcc.a(_arm_cmpdf2.o)
__aeabi_cdrcmple                                  /usr/local/gcc-arm-none-eabi-5_4-2016q3/bin/../lib/gcc/arm-none-eabi/5.4.1/armv7e-m/libgcc.a(_arm_cmpdf2.o)
__aeabi_d2iz                                      /usr/local/gcc-arm-none-eabi-5_4-2016q3/bin/../lib/gcc/arm-none-eabi/5.4.1/armv7e-m/libgcc.a(_arm_fixdfsi.o)
                                                  /usr/local/gcc-arm-none-eabi-5_4-2016q3/bin/../lib/gcc/arm-none-eabi/5.4.1/../../../../arm-none-eabi/lib/armv7e-m/libm.a(lib_a-k_sin.o)
                                                  /usr/local/gcc-arm-none-eabi-5_4-2016q3/bin/../lib/gcc/arm-none-eabi/5.4.1/../../../../arm-none-eabi/lib/armv7e-m/libm.a(lib_a-k_rem_pio2.o)
                                                  /usr/local/gcc-arm-none-eabi-5_4-2016q3/bin/../lib/gcc/arm-none-eabi/5.4.1/../../../../arm-none-eabi/lib/armv7e-m/libm.a(lib_a-k_cos.o)
                                                  /usr/local/gcc-arm-none-eabi-5_4-2016q3/bin/../lib/gcc/arm-none-eabi/5.4.1/../../../../arm-none-eabi/lib/armv7e-m/libm.a(lib_a-e_rem_pio2.o)
                                                  build/obj/main.o
__aeabi_dadd                                      /usr/local/gcc-arm-none-eabi-5_4-2016q3/bin/../lib/gcc/arm-none-eabi/5.4.1/armv7e-m/libgcc.a(_arm_addsubdf3.o)
                                                  /usr/local/gcc-arm-none-eabi-5_4-2016q3/bin/../lib/gcc/arm-none-eabi/5.4.1/../../../../arm-none-eabi/lib/armv7e-m/libm.a(lib_a-s_scalbn.o)
                                                  /usr/local/gcc-arm-none-eabi-5_4-2016q3/bin/../lib/gcc/arm-none-eabi/5.4.1/../../../../arm-none-eabi/lib/armv7e-m/libm.a(lib_a-s_floor.o)
                                                  /usr/local/gcc-arm-none-eabi-5_4-2016q3/bin/../lib/gcc/arm-none-eabi/5.4.1/../../../../arm-none-eabi/lib/armv7e-m/libm.a(lib_a-k_sin.o)
                                                  /usr/local/gcc-arm-none-eabi-5_4-2016q3/bin/../lib/gcc/arm-none-eabi/5.4.1/../../../../arm-none-eabi/lib/armv7e-m/libm.a(lib_a-k_rem_pio2.o)
                                                  /usr/local/gcc-arm-none-eabi-5_4-2016q3/bin/../lib/gcc/arm-none-eabi/5.4.1/../../../../arm-none-eabi/lib/armv7e-m/libm.a(lib_a-k_cos.o)
                                                  /usr/local/gcc-arm-none-eabi-5_4-2016q3/bin/../lib/gcc/arm-none-eabi/5.4.1/../../../../arm-none-eabi/lib/armv7e-m/libm.a(lib_a-e_rem_pio2.o)
__aeabi_dcmpeq                                    /usr/local/gcc-arm-none-eabi-5_4-2016q3/bin/../lib/gcc/arm-none-eabi/5.4.1/armv7e-m/libgcc.a(_arm_cmpdf2.o)
                                                  /usr/local/gcc-arm-none-eabi-5_4-2016q3/bin/../lib/gcc/arm-none-eabi/5.4.1/../../../../arm-none-eabi/lib/armv7e-m/libm.a(lib_a-k_rem_pio2.o)
                                                  /usr/local/gcc-arm-none-eabi-5_4-2016q3/bin/../lib/gcc/arm-none-eabi/5.4.1/../../../../arm-none-eabi/lib/armv7e-m/libm.a(lib_a-e_rem_pio2.o)
__aeabi_dcmpge                                    /usr/local/gcc-arm-none-eabi-5_4-2016q3/bin/../lib/gcc/arm-none-eabi/5.4.1/armv7e-m/libgcc.a(_arm_cmpdf2.o)
                                                  /usr/local/gcc-arm-none-eabi-5_4-2016q3/bin/../lib/gcc/arm-none-eabi/5.4.1/../../../../arm-none-eabi/lib/armv7e-m/libm.a(lib_a-k_rem_pio2.o)
__aeabi_dcmpgt                                    /usr/local/gcc-arm-none-eabi-5_4-2016q3/bin/../lib/gcc/arm-none-eabi/5.4.1/armv7e-m/libgcc.a(_arm_cmpdf2.o)
                                                  /usr/local/gcc-arm-none-eabi-5_4-2016q3/bin/../lib/gcc/arm-none-eabi/5.4.1/../../../../arm-none-eabi/lib/armv7e-m/libm.a(lib_a-s_floor.o)
__aeabi_dcmple                                    /usr/local/gcc-arm-none-eabi-5_4-2016q3/bin/../lib/gcc/arm-none-eabi/5.4.1/armv7e-m/libgcc.a(_arm_cmpdf2.o)
__aeabi_dcmplt                                    /usr/local/gcc-arm-none-eabi-5_4-2016q3/bin/../lib/gcc/arm-none-eabi/5.4.1/armv7e-m/libgcc.a(_arm_cmpdf2.o)
__aeabi_ddiv                                      /usr/local/gcc-arm-none-eabi-5_4-2016q3/bin/../lib/gcc/arm-none-eabi/5.4.1/armv7e-m/libgcc.a(_arm_muldivdf3.o)
__aeabi_dmul                                      /usr/local/gcc-arm-none-eabi-5_4-2016q3/bin/../lib/gcc/arm-none-eabi/5.4.1/armv7e-m/libgcc.a(_arm_muldivdf3.o)
                                                  /usr/local/gcc-arm-none-eabi-5_4-2016q3/bin/../lib/gcc/arm-none-eabi/5.4.1/../../../../arm-none-eabi/lib/armv7e-m/libm.a(lib_a-s_scalbn.o)
                                                  /usr/local/gcc-arm-none-eabi-5_4-2016q3/bin/../lib/gcc/arm-none-eabi/5.4.1/../../../../arm-none-eabi/lib/armv7e-m/libm.a(lib_a-k_sin.o)
                                                  /usr/local/gcc-arm-none-eabi-5_4-2016q3/bin/../lib/gcc/arm-none-eabi/5.4.1/../../../../arm-none-eabi/lib/armv7e-m/libm.a(lib_a-k_rem_pio2.o)
                                                  /usr/local/gcc-arm-none-eabi-5_4-2016q3/bin/../lib/gcc/arm-none-eabi/5.4.1/../../../../arm-none-eabi/lib/armv7e-m/libm.a(lib_a-k_cos.o)
                                                  /usr/local/gcc-arm-none-eabi-5_4-2016q3/bin/../lib/gcc/arm-none-eabi/5.4.1/../../../../arm-none-eabi/lib/armv7e-m/libm.a(lib_a-e_rem_pio2.o)
                                                  build/obj/main.o
__aeabi_drsub                                     /usr/local/gcc-arm-none-eabi-5_4-2016q3/bin/../lib/gcc/arm-none-eabi/5.4.1/armv7e-m/libgcc.a(_arm_addsubdf3.o)
__aeabi_dsub                                      /usr/local/gcc-arm-none-eabi-5_4-2016q3/bin/../lib/gcc/arm-none-eabi/5.4.1/armv7e-m/libgcc.a(_arm_addsubdf3.o)
                                                  /usr/local/gcc-arm-none-eabi-5_4-2016q3/bin/../lib/gcc/arm-none-eabi/5.4.1/../../../../arm-none-eabi/lib/armv7e-m/libm.a(lib_a-k_sin.o)
                                                  /usr/local/gcc-arm-none-eabi-5_4-2016q3/bin/../lib/gcc/arm-none-eabi/5.4.1/../../../../arm-none-eabi/lib/armv7e-m/libm.a(lib_a-k_rem_pio2.o)
                                                  /usr/local/gcc-arm-none-eabi-5_4-2016q3/bin/../lib/gcc/arm-none-eabi/5.4.1/../../../../arm-none-eabi/lib/armv7e-m/libm.a(lib_a-k_cos.o)
                                                  /usr/local/gcc-arm-none-eabi-5_4-2016q3/bin/../lib/gcc/arm-none-eabi/5.4.1/../../../../arm-none-eabi/lib/armv7e-m/libm.a(lib_a-e_rem_pio2.o)
                                                  /usr/local/gcc-arm-none-eabi-5_4-2016q3/bin/../lib/gcc/arm-none-eabi/5.4.1/../../../../arm-none-eabi/lib/armv7e-m/libm.a(lib_a-s_sin.o)
__aeabi_f2d                                       /usr/local/gcc-arm-none-eabi-5_4-2016q3/bin/../lib/gcc/arm-none-eabi/5.4.1/armv7e-m/libgcc.a(_arm_addsubdf3.o)
__aeabi_i2d                                       /usr/local/gcc-arm-none-eabi-5_4-2016q3/bin/../lib/gcc/arm-none-eabi/5.4.1/armv7e-m/libgcc.a(_arm_addsubdf3.o)
                                                  /usr/local/gcc-arm-none-eabi-5_4-2016q3/bin/../lib/gcc/arm-none-eabi/5.4.1/../../../../arm-none-eabi/lib/armv7e-m/libm.a(lib_a-k_rem_pio2.o)
                                                  /usr/local/gcc-arm-none-eabi-5_4-2016q3/bin/../lib/gcc/arm-none-eabi/5.4.1/../../../../arm-none-eabi/lib/armv7e-m/libm.a(lib_a-e_rem_pio2.o)
__aeabi_l2d                                       /usr/local/gcc-arm-none-eabi-5_4-2016q3/bin/../lib/gcc/arm-none-eabi/5.4.1/armv7e-m/libgcc.a(_arm_addsubdf3.o)
__aeabi_ui2d                                      /usr/local/gcc-arm-none-eabi-5_4-2016q3/bin/../lib/gcc/arm-none-eabi/5.4.1/armv7e-m/libgcc.a(_arm_addsubdf3.o)
                                                  build/obj/main.o
__aeabi_ul2d                                      /usr/local/gcc-arm-none-eabi-5_4-2016q3/bin/../lib/gcc/arm-none-eabi/5.4.1/armv7e-m/libgcc.a(_arm_addsubdf3.o)
__cmpdf2                                          /usr/local/gcc-arm-none-eabi-5_4-2016q3/bin/../lib/gcc/arm-none-eabi/5.4.1/armv7e-m/libgcc.a(_arm_cmpdf2.o)
__divdf3                                          /usr/local/gcc-arm-none-eabi-5_4-2016q3/bin/../lib/gcc/arm-none-eabi/5.4.1/armv7e-m/libgcc.a(_arm_muldivdf3.o)
__early_init                                      build/obj/board.o
                                                  build/obj/crt0.o
__eqdf2                                           /usr/local/gcc-arm-none-eabi-5_4-2016q3/bin/../lib/gcc/arm-none-eabi/5.4.1/armv7e-m/libgcc.a(_arm_cmpdf2.o)
__extendsfdf2                                     /usr/local/gcc-arm-none-eabi-5_4-2016q3/bin/../lib/gcc/arm-none-eabi/5.4.1/armv7e-m/libgcc.a(_arm_addsubdf3.o)
__fini_array_end                                  build/obj/crt0.o
__fini_array_start                                build/obj/crt0.o
__fixdfsi                                         /usr/local/gcc-arm-none-eabi-5_4-2016q3/bin/../lib/gcc/arm-none-eabi/5.4.1/armv7e-m/libgcc.a(_arm_fixdfsi.o)
__floatdidf                                       /usr/local/gcc-arm-none-eabi-5_4-2016q3/bin/../lib/gcc/arm-none-eabi/5.4.1/armv7e-m/libgcc.a(_arm_addsubdf3.o)
__floatsidf                                       /usr/local/gcc-arm-none-eabi-5_4-2016q3/bin/../lib/gcc/arm-none-eabi/5.4.1/armv7e-m/libgcc.a(_arm_addsubdf3.o)
__floatundidf                                     /usr/local/gcc-arm-none-eabi-5_4-2016q3/bin/../lib/gcc/arm-none-eabi/5.4.1/armv7e-m/libgcc.a(_arm_addsubdf3.o)
__floatunsidf                                     /usr/local/gcc-arm-none-eabi-5_4-2016q3/bin/../lib/gcc/arm-none-eabi/5.4.1/armv7e-m/libgcc.a(_arm_addsubdf3.o)
__gedf2                                           /usr/local/gcc-arm-none-eabi-5_4-2016q3/bin/../lib/gcc/arm-none-eabi/5.4.1/armv7e-m/libgcc.a(_arm_cmpdf2.o)
__gtdf2                                           /usr/local/gcc-arm-none-eabi-5_4-2016q3/bin/../lib/gcc/arm-none-eabi/5.4.1/armv7e-m/libgcc.a(_arm_cmpdf2.o)
__heap_base__                                     build/obj/chmemcore.o
__heap_end__                                      build/obj/chmemcore.o
__ieee754_rem_pio2                                /usr/local/gcc-arm-none-eabi-5_4-2016q3/bin/../lib/gcc/arm-none-eabi/5.4.1/../../../../arm-none-eabi/lib/armv7e-m/libm.a(lib_a-e_rem_pio2.o)
                                                  /usr/local/gcc-arm-none-eabi-5_4-2016q3/bin/../lib/gcc/arm-none-eabi/5.4.1/../../../../arm-none-eabi/lib/armv7e-m/libm.a(lib_a-s_sin.o)
__init_array_end                                  build/obj/crt0.o
__init_array_start                                build/obj/crt0.o
__kernel_cos                                      /usr/local/gcc-arm-none-eabi-5_4-2016q3/bin/../lib/gcc/arm-none-eabi/5.4.1/../../../../arm-none-eabi/lib/armv7e-m/libm.a(lib_a-k_cos.o)
                                                  /usr/local/gcc-arm-none-eabi-5_4-2016q3/bin/../lib/gcc/arm-none-eabi/5.4.1/../../../../arm-none-eabi/lib/armv7e-m/libm.a(lib_a-s_sin.o)
__kernel_rem_pio2                                 /usr/local/gcc-arm-none-eabi-5_4-2016q3/bin/../lib/gcc/arm-none-eabi/5.4.1/../../../../arm-none-eabi/lib/armv7e-m/libm.a(lib_a-k_rem_pio2.o)
                                                  /usr/local/gcc-arm-none-eabi-5_4-2016q3/bin/../lib/gcc/arm-none-eabi/5.4.1/../../../../arm-none-eabi/lib/armv7e-m/libm.a(lib_a-e_rem_pio2.o)
__kernel_sin                                      /usr/local/gcc-arm-none-eabi-5_4-2016q3/bin/../lib/gcc/arm-none-eabi/5.4.1/../../../../arm-none-eabi/lib/armv7e-m/libm.a(lib_a-k_sin.o)
                                                  /usr/local/gcc-arm-none-eabi-5_4-2016q3/bin/../lib/gcc/arm-none-eabi/5.4.1/../../../../arm-none-eabi/lib/armv7e-m/libm.a(lib_a-s_sin.o)
__late_init                                       build/obj/crt0.o
__ledf2                                           /usr/local/gcc-arm-none-eabi-5_4-2016q3/bin/../lib/gcc/arm-none-eabi/5.4.1/armv7e-m/libgcc.a(_arm_cmpdf2.o)
__ltdf2                                           /usr/local/gcc-arm-none-eabi-5_4-2016q3/bin/../lib/gcc/arm-none-eabi/5.4.1/armv7e-m/libgcc.a(_arm_cmpdf2.o)
__main_stack_base__                               build/obj/crt0.o
__main_stack_end__                                build/obj/vectors.o
                                                  build/obj/crt0.o
__muldf3                                          /usr/local/gcc-arm-none-eabi-5_4-2016q3/bin/../lib/gcc/arm-none-eabi/5.4.1/armv7e-m/libgcc.a(_arm_muldivdf3.o)
__nedf2                                           /usr/local/gcc-arm-none-eabi-5_4-2016q3/bin/../lib/gcc/arm-none-eabi/5.4.1/armv7e-m/libgcc.a(_arm_cmpdf2.o)
__process_stack_base__                            build/obj/crt0.o
__process_stack_end__                             build/obj/crt0.o
__subdf3                                          /usr/local/gcc-arm-none-eabi-5_4-2016q3/bin/../lib/gcc/arm-none-eabi/5.4.1/armv7e-m/libgcc.a(_arm_addsubdf3.o)
_bss_end                                          build/obj/crt0.o
_bss_start                                        build/obj/crt0.o
_core_init                                        build/obj/chmemcore.o
                                                  build/obj/chsys.o
_data                                             build/obj/crt0.o
_default_exit                                     build/obj/crt0.o
_edata                                            build/obj/crt0.o
_heap_init                                        build/obj/chheap.o
                                                  build/obj/chsys.o
_idle_thread                                      build/obj/chsys.o
_idle_thread_wa                                   build/obj/chsys.o
_pal_lld_init                                     build/obj/pal_lld.o
                                                  build/obj/hal.o
_pal_lld_setgroupmode                             build/obj/pal_lld.o
                                                  build/obj/adccfg.o
                                                  build/obj/usb_hid.o
                                                  build/obj/main.o
                                                  build/obj/pal.o
_port_init                                        build/obj/chcore_v7m.o
                                                  build/obj/chsys.o
_port_irq_epilogue                                build/obj/chcore_v7m.o
                                                  build/obj/usb_lld.o
                                                  build/obj/adc_lld.o
                                                  build/obj/stm32_dma.o
_port_switch                                      build/obj/chcore_v7m.o
                                                  build/obj/chschd.o
_port_switch_from_isr                             build/obj/chcore_v7m.o
_port_thread_start                                build/obj/chcore_v7m.o
                                                  build/obj/chthreads.o
_scheduler_init                                   build/obj/chschd.o
                                                  build/obj/chsys.o
_stm32_dma_streams                                build/obj/stm32_dma.o
                                                  build/obj/adc_lld.o
_test_assert                                      build/obj/test.o
                                                  build/obj/testqueues.o
                                                  build/obj/testdyn.o
                                                  build/obj/testpools.o
                                                  build/obj/testheap.o
                                                  build/obj/testevt.o
                                                  build/obj/testmbox.o
                                                  build/obj/testmtx.o
                                                  build/obj/testsem.o
                                                  build/obj/testthd.o
_test_assert_sequence                             build/obj/test.o
                                                  build/obj/testqueues.o
                                                  build/obj/testdyn.o
                                                  build/obj/testevt.o
                                                  build/obj/testmbox.o
                                                  build/obj/testmsg.o
                                                  build/obj/testmtx.o
                                                  build/obj/testsem.o
                                                  build/obj/testthd.o
_test_assert_time_window                          build/obj/test.o
                                                  build/obj/testevt.o
                                                  build/obj/testsem.o
                                                  build/obj/testthd.o
_test_fail                                        build/obj/test.o
_textdata                                         build/obj/crt0.o
_thread_init                                      build/obj/chthreads.o
                                                  build/obj/chsys.o
_unhandled_exception                              build/obj/vectors.o
_usb_ep0in                                        build/obj/usb.o
                                                  build/obj/usb_lld.o
_usb_ep0out                                       build/obj/usb.o
                                                  build/obj/usb_lld.o
_usb_ep0setup                                     build/obj/usb.o
                                                  build/obj/usb_lld.o
_usb_reset                                        build/obj/usb.o
                                                  build/obj/usb_lld.o
_vectors                                          build/obj/vectors.o
_vt_init                                          build/obj/chvt.o
                                                  build/obj/chsys.o
adcAcquireBus                                     build/obj/adc.o
adcConvert                                        build/obj/adc.o
adcInit                                           build/obj/adc.o
                                                  build/obj/hal.o
adcObjectInit                                     build/obj/adc.o
                                                  build/obj/adc_lld.o
adcReleaseBus                                     build/obj/adc.o
adcSTM32DisableTSVREFE                            build/obj/adc_lld.o
adcSTM32DisableVBATE                              build/obj/adc_lld.o
adcSTM32EnableTSVREFE                             build/obj/adc_lld.o
adcSTM32EnableVBATE                               build/obj/adc_lld.o
adcStart                                          build/obj/adc.o
                                                  build/obj/adccfg.o
adcStartConversion                                build/obj/adc.o
                                                  build/obj/adccfg.o
adcStartConversionI                               build/obj/adc.o
adcStop                                           build/obj/adc.o
adcStopConversion                                 build/obj/adc.o
adcStopConversionI                                build/obj/adc.o
adc_lld_init                                      build/obj/adc_lld.o
                                                  build/obj/adc.o
adc_lld_start                                     build/obj/adc_lld.o
                                                  build/obj/adc.o
adc_lld_start_conversion                          build/obj/adc_lld.o
                                                  build/obj/adc.o
adc_lld_stop                                      build/obj/adc_lld.o
                                                  build/obj/adc.o
adc_lld_stop_conversion                           build/obj/adc_lld.o
                                                  build/obj/adc.o
boardInit                                         build/obj/board.o
                                                  build/obj/hal.o
chCondBroadcast                                   build/obj/chcond.o
                                                  build/obj/testmtx.o
chCondBroadcastI                                  build/obj/chcond.o
chCondInit                                        build/obj/chcond.o
                                                  build/obj/testmtx.o
chCondSignal                                      build/obj/chcond.o
                                                  build/obj/testmtx.o
chCondSignalI                                     build/obj/chcond.o
                                                  build/obj/testmtx.o
chCondWait                                        build/obj/chcond.o
                                                  build/obj/testmtx.o
chCondWaitS                                       build/obj/chcond.o
chCondWaitTimeout                                 build/obj/chcond.o
                                                  build/obj/testmtx.o
chCondWaitTimeoutS                                build/obj/chcond.o
chCoreAlloc                                       build/obj/chmemcore.o
                                                  build/obj/chheap.o
chCoreAllocI                                      build/obj/chmemcore.o
chCoreStatus                                      build/obj/chmemcore.o
                                                  build/obj/testheap.o
chEvtAddEvents                                    build/obj/chevents.o
                                                  build/obj/testevt.o
chEvtBroadcastFlags                               build/obj/chevents.o
                                                  build/obj/testevt.o
chEvtBroadcastFlagsI                              build/obj/chevents.o
chEvtDispatch                                     build/obj/chevents.o
                                                  build/obj/testevt.o
chEvtGetAndClearEvents                            build/obj/chevents.o
                                                  build/obj/testevt.o
chEvtGetAndClearFlags                             build/obj/chevents.o
chEvtGetAndClearFlagsI                            build/obj/chevents.o
chEvtRegisterMask                                 build/obj/chevents.o
                                                  build/obj/testevt.o
chEvtSignal                                       build/obj/chevents.o
                                                  build/obj/testevt.o
chEvtSignalI                                      build/obj/chevents.o
chEvtUnregister                                   build/obj/chevents.o
                                                  build/obj/testevt.o
chEvtWaitAll                                      build/obj/chevents.o
                                                  build/obj/testevt.o
chEvtWaitAllTimeout                               build/obj/chevents.o
                                                  build/obj/testevt.o
chEvtWaitAny                                      build/obj/chevents.o
                                                  build/obj/testevt.o
chEvtWaitAnyTimeout                               build/obj/chevents.o
                                                  build/obj/testevt.o
chEvtWaitOne                                      build/obj/chevents.o
                                                  build/obj/testevt.o
chEvtWaitOneTimeout                               build/obj/chevents.o
                                                  build/obj/testevt.o
chHeapAlloc                                       build/obj/chheap.o
                                                  build/obj/testdyn.o
                                                  build/obj/testheap.o
                                                  build/obj/chdynamic.o
chHeapFree                                        build/obj/chheap.o
                                                  build/obj/testdyn.o
                                                  build/obj/testheap.o
                                                  build/obj/chdynamic.o
chHeapInit                                        build/obj/chheap.o
                                                  build/obj/testdyn.o
                                                  build/obj/testheap.o
chHeapStatus                                      build/obj/chheap.o
                                                  build/obj/testdyn.o
                                                  build/obj/testheap.o
chIQGetTimeout                                    build/obj/chqueues.o
                                                  build/obj/testbmk.o
                                                  build/obj/testqueues.o
chIQInit                                          build/obj/chqueues.o
                                                  build/obj/testbmk.o
                                                  build/obj/testqueues.o
chIQPutI                                          build/obj/chqueues.o
                                                  build/obj/testbmk.o
                                                  build/obj/testqueues.o
chIQReadTimeout                                   build/obj/chqueues.o
                                                  build/obj/testqueues.o